2026-07-22 11:57:13 [background-preinit] INFO  o.h.validator.internal.util.Version - HV000001: Hibernate Validator 9.0.1.Final
2026-07-22 11:57:13 [restartedMain] INFO  c.e.D.DocgenBackendApplication - Starting DocgenBackendApplication using Java 21.0.9 with PID 17708 (E:\DocGen New Front V2\Docgen-Backend\target\classes started by prath in E:\DocGen New Front V2\Docgen-Backend)
2026-07-22 11:57:13 [restartedMain] DEBUG c.e.D.DocgenBackendApplication - Running with Spring Boot v4.0.6, Spring v7.0.7
2026-07-22 11:57:13 [restartedMain] INFO  c.e.D.DocgenBackendApplication - No active profile set, falling back to 1 default profile: "default"
2026-07-22 11:57:13 [restartedMain] INFO  o.s.b.d.e.DevToolsPropertyDefaultsPostProcessor - Devtools property defaults active! Set 'spring.devtools.add-properties' to 'false' to disable
2026-07-22 11:57:13 [restartedMain] INFO  o.s.b.d.e.DevToolsPropertyDefaultsPostProcessor - For additional web related logging consider setting the 'logging.level.web' property to 'DEBUG'
2026-07-22 11:57:14 [restartedMain] INFO  o.s.d.r.c.RepositoryConfigurationDelegate - Bootstrapping Spring Data JPA repositories in DEFAULT mode.
2026-07-22 11:57:14 [restartedMain] INFO  o.s.d.r.c.RepositoryConfigurationDelegate - Finished Spring Data repository scanning in 49 ms. Found 3 JPA repository interfaces.
2026-07-22 11:57:15 [restartedMain] INFO  o.s.boot.tomcat.TomcatWebServer - Tomcat initialized with port 8080 (http)
2026-07-22 11:57:15 [restartedMain] INFO  o.a.coyote.http11.Http11NioProtocol - Initializing ProtocolHandler ["http-nio-8080"]
2026-07-22 11:57:15 [restartedMain] INFO  o.a.catalina.core.StandardService - Starting service [Tomcat]
2026-07-22 11:57:15 [restartedMain] INFO  o.a.catalina.core.StandardEngine - Starting Servlet engine: [Apache Tomcat/11.0.21]
2026-07-22 11:57:15 [restartedMain] INFO  o.s.b.w.c.s.WebApplicationContextInitializer - Root WebApplicationContext: initialization completed in 1401 ms
2026-07-22 11:57:15 [restartedMain] DEBUG c.e.Docgen_Backend.config.JwtFilter - Filter 'jwtFilter' configured for use
2026-07-22 11:57:15 [restartedMain] INFO  org.hibernate.orm.jpa - HHH008540: Processing PersistenceUnitInfo [name: default]
2026-07-22 11:57:15 [restartedMain] INFO  org.hibernate.orm.core - HHH000001: Hibernate ORM core version 7.2.12.Final
2026-07-22 11:57:16 [restartedMain] INFO  o.s.o.j.p.SpringPersistenceUnitInfo - No LoadTimeWeaver setup: ignoring JPA class transformer
2026-07-22 11:57:16 [restartedMain] INFO  com.zaxxer.hikari.HikariDataSource - HikariPool-1 - Starting...
2026-07-22 11:57:17 [restartedMain] INFO  com.zaxxer.hikari.pool.HikariPool - HikariPool-1 - Added connection com.mysql.cj.jdbc.ConnectionImpl@79efd0f1
2026-07-22 11:57:17 [restartedMain] INFO  com.zaxxer.hikari.HikariDataSource - HikariPool-1 - Start completed.
2026-07-22 11:57:17 [restartedMain] WARN  org.hibernate.orm.jdbc - HHH100045: Could not obtain connection metadata: java.sql.SQLSyntaxErrorException: Unknown column 'RESERVED' in 'WHERE'
2026-07-22 11:57:17 [restartedMain] WARN  org.hibernate.orm.deprecation - HHH90000025: MySQLDialect does not need to be specified explicitly using 'hibernate.dialect' (remove the property setting and it will be selected by default)
2026-07-22 11:57:17 [restartedMain] INFO  o.hibernate.orm.connections.pooling - HHH10001005: Database info:
	Database JDBC URL [undefined/unknown]
	Database driver: undefined/unknown
	Database dialect: MySQLDialect
	Database version: 8.0
	Default catalog/schema: unknown/unknown
	Autocommit mode: undefined/unknown
	Isolation level: NONE [default NONE]
	JDBC fetch size: undefined/unknown
	Pool: DataSourceConnectionProvider
	Minimum pool size: undefined/unknown
	Maximum pool size: undefined/unknown
2026-07-22 11:57:19 [restartedMain] INFO  org.hibernate.orm.core - HHH000489: No JTA platform available (set 'hibernate.transaction.jta.platform' to enable JTA platform integration)
2026-07-22 11:57:27 [restartedMain] INFO  o.s.o.j.LocalContainerEntityManagerFactoryBean - Initialized JPA EntityManagerFactory for persistence unit 'default'
2026-07-22 11:57:27 [restartedMain] INFO  o.s.d.j.r.q.QueryEnhancerFactories - Hibernate is in classpath; If applicable, HQL parser will be used.
2026-07-22 11:57:27 [restartedMain] INFO  o.s.s.c.a.a.c.InitializeUserDetailsBeanManagerConfigurer$InitializeUserDetailsManagerConfigurer - Global AuthenticationManager configured with UserDetailsService bean with name customUserDetailsService
2026-07-22 11:57:27 [restartedMain] WARN  o.s.b.j.a.JpaBaseConfiguration$JpaWebConfiguration - spring.jpa.open-in-view is enabled by default. Therefore, database queries may be performed during view rendering. Explicitly configure spring.jpa.open-in-view to disable this warning
2026-07-22 11:57:27 [restartedMain] INFO  o.a.coyote.http11.Http11NioProtocol - Starting ProtocolHandler ["http-nio-8080"]
2026-07-22 11:57:28 [restartedMain] INFO  o.s.boot.tomcat.TomcatWebServer - Tomcat started on port 8080 (http) with context path '/'
2026-07-22 11:57:28 [restartedMain] INFO  c.e.D.DocgenBackendApplication - Started DocgenBackendApplication in 14.741 seconds (process running for 15.406)
2026-07-22 11:57:48 [http-nio-8080-exec-1] INFO  o.a.c.c.C.[Tomcat].[localhost].[/] - Initializing Spring DispatcherServlet 'dispatcherServlet'
2026-07-22 11:57:48 [http-nio-8080-exec-1] INFO  o.s.web.servlet.DispatcherServlet - Initializing Servlet 'dispatcherServlet'
2026-07-22 11:57:48 [http-nio-8080-exec-1] INFO  o.s.web.servlet.DispatcherServlet - Completed initialization in 7 ms
2026-07-22 11:57:48 [http-nio-8080-exec-3] WARN  c.e.Docgen_Backend.config.JwtFilter - Invalid JWT token
2026-07-22 11:57:48 [http-nio-8080-exec-4] WARN  c.e.Docgen_Backend.config.JwtFilter - Invalid JWT token
2026-07-22 11:58:39 [http-nio-8080-exec-7] INFO  c.e.Docgen_Backend.config.JwtFilter - JWT validated successfully for userId=6a311365ec2c34f3d9e4f06e
2026-07-22 11:58:39 [http-nio-8080-exec-7] INFO  c.e.D.controller.UserController - GET /api/v2/users - Fetch all users request received | page=0, size=8, sortBy=id, direction=desc
2026-07-22 11:58:39 [http-nio-8080-exec-7] WARN  com.zaxxer.hikari.pool.PoolBase - HikariPool-1 - Failed to validate connection com.mysql.cj.jdbc.ConnectionImpl@79efd0f1 (No operations allowed after connection closed.). Possibly consider using a shorter maxLifetime value.
2026-07-22 11:58:39 [http-nio-8080-exec-7] WARN  com.zaxxer.hikari.pool.PoolBase - HikariPool-1 - Failed to validate connection com.mysql.cj.jdbc.ConnectionImpl@9e873d3 (No operations allowed after connection closed.). Possibly consider using a shorter maxLifetime value.
2026-07-22 11:58:39 [http-nio-8080-exec-7] WARN  com.zaxxer.hikari.pool.PoolBase - HikariPool-1 - Failed to validate connection com.mysql.cj.jdbc.ConnectionImpl@4b5d052e (No operations allowed after connection closed.). Possibly consider using a shorter maxLifetime value.
2026-07-22 11:58:43 [http-nio-8080-exec-7] INFO  c.e.D.controller.UserController - Fetched 8 users on page 0 of 3
2026-07-22 11:58:44 [http-nio-8080-exec-8] INFO  c.e.Docgen_Backend.config.JwtFilter - JWT validated successfully for userId=6a311365ec2c34f3d9e4f06e
2026-07-22 11:58:44 [http-nio-8080-exec-8] INFO  c.e.D.controller.UserController - GET /api/v2/users - Fetch all users request received | page=0, size=8, sortBy=id, direction=desc
2026-07-22 11:58:47 [http-nio-8080-exec-8] INFO  c.e.D.controller.UserController - Fetched 8 users on page 0 of 3
2026-07-22 12:00:32 [HikariPool-1:housekeeper] WARN  com.zaxxer.hikari.pool.PoolBase - HikariPool-1 - Failed to validate connection com.mysql.cj.jdbc.ConnectionImpl@c3b4c4c (No operations allowed after connection closed.). Possibly consider using a shorter maxLifetime value.
2026-07-22 12:00:36 [HikariPool-1:housekeeper] WARN  com.zaxxer.hikari.pool.PoolBase - HikariPool-1 - Failed to validate connection com.mysql.cj.jdbc.ConnectionImpl@3dfd8433 (No operations allowed after connection closed.). Possibly consider using a shorter maxLifetime value.
2026-07-22 12:00:36 [HikariPool-1:housekeeper] WARN  com.zaxxer.hikari.pool.PoolBase - HikariPool-1 - Failed to validate connection com.mysql.cj.jdbc.ConnectionImpl@3a1bc120 (No operations allowed after connection closed.). Possibly consider using a shorter maxLifetime value.
2026-07-22 12:02:15 [HikariPool-1:housekeeper] WARN  com.zaxxer.hikari.pool.PoolBase - HikariPool-1 - Failed to validate connection com.mysql.cj.jdbc.ConnectionImpl@6c14b303 (No operations allowed after connection closed.). Possibly consider using a shorter maxLifetime value.
2026-07-22 12:02:27 [HikariPool-1:housekeeper] WARN  com.zaxxer.hikari.pool.PoolBase - HikariPool-1 - Failed to validate connection com.mysql.cj.jdbc.ConnectionImpl@45e94379 (No operations allowed after connection closed.). Possibly consider using a shorter maxLifetime value.
2026-07-22 12:04:10 [HikariPool-1:housekeeper] WARN  com.zaxxer.hikari.pool.PoolBase - HikariPool-1 - Failed to validate connection com.mysql.cj.jdbc.ConnectionImpl@685aabae (No operations allowed after connection closed.). Possibly consider using a shorter maxLifetime value.
2026-07-22 12:04:13 [HikariPool-1:housekeeper] WARN  com.zaxxer.hikari.pool.PoolBase - HikariPool-1 - Failed to validate connection com.mysql.cj.jdbc.ConnectionImpl@57fdef5c (No operations allowed after connection closed.). Possibly consider using a shorter maxLifetime value.
2026-07-22 12:06:03 [HikariPool-1:housekeeper] WARN  com.zaxxer.hikari.pool.PoolBase - HikariPool-1 - Failed to validate connection com.mysql.cj.jdbc.ConnectionImpl@a7e1b26 (No operations allowed after connection closed.). Possibly consider using a shorter maxLifetime value.
2026-07-22 12:06:04 [HikariPool-1:housekeeper] WARN  com.zaxxer.hikari.pool.PoolBase - HikariPool-1 - Failed to validate connection com.mysql.cj.jdbc.ConnectionImpl@6b755037 (No operations allowed after connection closed.). Possibly consider using a shorter maxLifetime value.
2026-07-22 12:07:41 [HikariPool-1:housekeeper] WARN  com.zaxxer.hikari.pool.PoolBase - HikariPool-1 - Failed to validate connection com.mysql.cj.jdbc.ConnectionImpl@534ad50a (No operations allowed after connection closed.). Possibly consider using a shorter maxLifetime value.
2026-07-22 12:08:02 [HikariPool-1:housekeeper] WARN  com.zaxxer.hikari.pool.PoolBase - HikariPool-1 - Failed to validate connection com.mysql.cj.jdbc.ConnectionImpl@38f29476 (No operations allowed after connection closed.). Possibly consider using a shorter maxLifetime value.
2026-07-22 12:09:18 [http-nio-8080-exec-1] INFO  c.e.Docgen_Backend.config.JwtFilter - JWT validated successfully for userId=6a311365ec2c34f3d9e4f06e
2026-07-22 12:09:19 [http-nio-8080-exec-1] INFO  c.e.D.controller.UserController - POST /api/v2/users/create-profile - Request received for employeeId=null
2026-07-22 12:09:19 [http-nio-8080-exec-1] DEBUG c.e.D.controller.UserController - Full request payload: CreateProfileRequest(employeeName=Tejal Jalindar Gholap, email=tejalgholap0203@gmail.com, mobileNo=9270395641, employeeId=null, joiningDesignation=DevOps Engineer, currentDesignation=DevOps Engineer, department=IT, currentAddress=Sudarshan Nagar, Pimple Gurav, Pune, 411061, permanentAddress=Bhavani Bhau Gholap vasti, Pathre BK, Ahilyanagar 413711, accountNo=1234567890, bankName=AU Small Finance Bank, joiningCTC=800000.0, currentCTC=800000.0, dateOfBirth=2001-03-02, offerDate=2025-01-10, joiningDate=2025-02-03, panNo=DQBPG5753G, company=JDIT, pfType=WITH_PF, identity=MRS, documents=[EXPERIENCE_LETTER, RELIEVING_LETTER], documentData={EXPERIENCE_LETTER={relievingDate=2026-07-20, issueDate=2026-07-20}, RELIEVING_LETTER={relievingDate=2026-07-20, issueDate=2026-07-20}})
2026-07-22 12:09:19 [http-nio-8080-exec-1] WARN  com.zaxxer.hikari.pool.PoolBase - HikariPool-1 - Failed to validate connection com.mysql.cj.jdbc.ConnectionImpl@ffacb35 (No operations allowed after connection closed.). Possibly consider using a shorter maxLifetime value.
2026-07-22 12:09:19 [http-nio-8080-exec-1] WARN  com.zaxxer.hikari.pool.PoolBase - HikariPool-1 - Failed to validate connection com.mysql.cj.jdbc.ConnectionImpl@39012635 (No operations allowed after connection closed.). Possibly consider using a shorter maxLifetime value.
2026-07-22 12:09:19 [http-nio-8080-exec-1] INFO  c.e.D.service.impl.UserServiceImpl - Generated employeeId=JDIT001 for company=JDIT
2026-07-22 12:09:19 [http-nio-8080-exec-1] INFO  c.e.D.service.impl.UserServiceImpl - User profile created successfully for employeeId=JDIT001
2026-07-22 12:09:19 [http-nio-8080-exec-1] INFO  c.e.D.controller.UserController - Profile created successfully for employeeId=JDIT001
2026-07-22 12:10:58 [HikariPool-1:housekeeper] WARN  com.zaxxer.hikari.pool.PoolBase - HikariPool-1 - Failed to validate connection com.mysql.cj.jdbc.ConnectionImpl@7ca0f700 (No operations allowed after connection closed.). Possibly consider using a shorter maxLifetime value.
2026-07-22 12:11:03 [HikariPool-1:housekeeper] WARN  com.zaxxer.hikari.pool.PoolBase - HikariPool-1 - Failed to validate connection com.mysql.cj.jdbc.ConnectionImpl@43c23f7c (No operations allowed after connection closed.). Possibly consider using a shorter maxLifetime value.
2026-07-22 12:11:06 [HikariPool-1:housekeeper] WARN  com.zaxxer.hikari.pool.PoolBase - HikariPool-1 - Failed to validate connection com.mysql.cj.jdbc.ConnectionImpl@7dde45a4 (No operations allowed after connection closed.). Possibly consider using a shorter maxLifetime value.
2026-07-22 12:11:32 [http-nio-8080-exec-6] INFO  c.e.Docgen_Backend.config.JwtFilter - JWT validated successfully for userId=6a311365ec2c34f3d9e4f06e
2026-07-22 12:11:32 [http-nio-8080-exec-6] INFO  c.e.D.controller.UserController - GET /api/v2/users - Fetch all users request received | page=0, size=8, sortBy=id, direction=desc
2026-07-22 12:11:32 [http-nio-8080-exec-6] WARN  com.zaxxer.hikari.pool.PoolBase - HikariPool-1 - Failed to validate connection com.mysql.cj.jdbc.ConnectionImpl@79e6b141 (No operations allowed after connection closed.). Possibly consider using a shorter maxLifetime value.
2026-07-22 12:11:32 [http-nio-8080-exec-6] WARN  com.zaxxer.hikari.pool.PoolBase - HikariPool-1 - Failed to validate connection com.mysql.cj.jdbc.ConnectionImpl@164dc6ae (No operations allowed after connection closed.). Possibly consider using a shorter maxLifetime value.
2026-07-22 12:11:34 [http-nio-8080-exec-6] INFO  c.e.D.controller.UserController - Fetched 8 users on page 0 of 4
2026-07-22 12:11:34 [http-nio-8080-exec-7] INFO  c.e.Docgen_Backend.config.JwtFilter - JWT validated successfully for userId=6a311365ec2c34f3d9e4f06e
2026-07-22 12:11:34 [http-nio-8080-exec-7] INFO  c.e.D.controller.UserController - GET /api/v2/users - Fetch all users request received | page=0, size=8, sortBy=id, direction=desc
2026-07-22 12:11:36 [http-nio-8080-exec-10] INFO  c.e.Docgen_Backend.config.JwtFilter - JWT validated successfully for userId=6a311365ec2c34f3d9e4f06e
2026-07-22 12:11:36 [http-nio-8080-exec-10] INFO  c.e.D.controller.UserController - GET /api/v2/users/34 - Fetch request received
2026-07-22 12:11:36 [http-nio-8080-exec-10] INFO  c.e.D.service.impl.UserServiceImpl - Fetching user profile for edit | userId=34
2026-07-22 12:11:36 [http-nio-8080-exec-10] DEBUG c.e.D.service.impl.UserServiceImpl - User found | userId=34 | employeeId=JDIT0807
2026-07-22 12:11:36 [http-nio-8080-exec-10] INFO  c.e.D.service.impl.UserServiceImpl - User profile fetched successfully | userId=34 | timeTaken=480ms
2026-07-22 12:11:36 [http-nio-8080-exec-10] INFO  c.e.D.controller.UserController - Profile fetched successfully for userId=34
2026-07-22 12:11:36 [http-nio-8080-exec-10] DEBUG c.e.D.controller.UserController - Fetched profile data: UserProfileResponseDTO(id=34, employeeName=Tejal Jalindar Gholap, employeeId=JDIT0807, email=tejalgholap0203@gmail.com, mobileNo=9270395641, joiningDesignation=DevOps Engineer, currentDesignation=DevOps Engineer, department=IT, company=JDIT, identity=MRS, pfType=WITH_PF, accountNo=1234567890, bankName=AU Small Finance Bank, currentAddress=Sudarshan Nagar, Pimple Gurav, Pune, 411061, permanentAddress=Bhavani Bhau Gholap vasti, Pathre BK, Ahilyanagar 413711, joiningCTC=800000.0, currentCTC=800000.0, dateOfBirth=2001-03-02, offerDate=2025-01-10, joiningDate=2025-02-03, panNo=DQBPG5753G, documents={APPOINTMENT_LETTER=DocumentResponseDTO(generated=false, data=null), INTERNSHIP_LETTER=DocumentResponseDTO(generated=false, data=null), EXPERIENCE_LETTER=DocumentResponseDTO(generated=true, data={issueDate=2026-07-20, relievingDate=2026-07-20}), FULL_AND_FINAL=DocumentResponseDTO(generated=false, data=null), CONFIRMATION_LETTER=DocumentResponseDTO(generated=false, data=null), INCREMENT_LETTER=DocumentResponseDTO(generated=false, data=null), RELIEVING_LETTER=DocumentResponseDTO(generated=true, data={issueDate=2026-07-20, relievingDate=2026-07-20}), SALARY_SLIP=DocumentResponseDTO(generated=false, data=null), COMPLETION_LETTER=DocumentResponseDTO(generated=false, data=null), OFFER_LETTER=DocumentResponseDTO(generated=false, data=null)})
2026-07-22 12:11:36 [http-nio-8080-exec-2] INFO  c.e.Docgen_Backend.config.JwtFilter - JWT validated successfully for userId=6a311365ec2c34f3d9e4f06e
2026-07-22 12:11:36 [http-nio-8080-exec-2] INFO  c.e.D.controller.UserController - GET /api/v2/users/34 - Fetch request received
2026-07-22 12:11:36 [http-nio-8080-exec-2] INFO  c.e.D.service.impl.UserServiceImpl - Fetching user profile for edit | userId=34
2026-07-22 12:11:37 [http-nio-8080-exec-7] INFO  c.e.D.controller.UserController - Fetched 8 users on page 0 of 4
2026-07-22 12:11:37 [http-nio-8080-exec-2] DEBUG c.e.D.service.impl.UserServiceImpl - User found | userId=34 | employeeId=JDIT0807
2026-07-22 12:11:37 [http-nio-8080-exec-2] INFO  c.e.D.service.impl.UserServiceImpl - User profile fetched successfully | userId=34 | timeTaken=295ms
2026-07-22 12:11:37 [http-nio-8080-exec-2] INFO  c.e.D.controller.UserController - Profile fetched successfully for userId=34
2026-07-22 12:11:37 [http-nio-8080-exec-2] DEBUG c.e.D.controller.UserController - Fetched profile data: UserProfileResponseDTO(id=34, employeeName=Tejal Jalindar Gholap, employeeId=JDIT0807, email=tejalgholap0203@gmail.com, mobileNo=9270395641, joiningDesignation=DevOps Engineer, currentDesignation=DevOps Engineer, department=IT, company=JDIT, identity=MRS, pfType=WITH_PF, accountNo=1234567890, bankName=AU Small Finance Bank, currentAddress=Sudarshan Nagar, Pimple Gurav, Pune, 411061, permanentAddress=Bhavani Bhau Gholap vasti, Pathre BK, Ahilyanagar 413711, joiningCTC=800000.0, currentCTC=800000.0, dateOfBirth=2001-03-02, offerDate=2025-01-10, joiningDate=2025-02-03, panNo=DQBPG5753G, documents={APPOINTMENT_LETTER=DocumentResponseDTO(generated=false, data=null), INTERNSHIP_LETTER=DocumentResponseDTO(generated=false, data=null), EXPERIENCE_LETTER=DocumentResponseDTO(generated=true, data={issueDate=2026-07-20, relievingDate=2026-07-20}), FULL_AND_FINAL=DocumentResponseDTO(generated=false, data=null), CONFIRMATION_LETTER=DocumentResponseDTO(generated=false, data=null), INCREMENT_LETTER=DocumentResponseDTO(generated=false, data=null), RELIEVING_LETTER=DocumentResponseDTO(generated=true, data={issueDate=2026-07-20, relievingDate=2026-07-20}), SALARY_SLIP=DocumentResponseDTO(generated=false, data=null), COMPLETION_LETTER=DocumentResponseDTO(generated=false, data=null), OFFER_LETTER=DocumentResponseDTO(generated=false, data=null)})
2026-07-22 12:11:48 [http-nio-8080-exec-3] INFO  c.e.Docgen_Backend.config.JwtFilter - JWT validated successfully for userId=6a311365ec2c34f3d9e4f06e
2026-07-22 12:11:48 [http-nio-8080-exec-3] INFO  c.e.D.controller.UserController - PATCH /api/v2/users/34 - Update request received for employeeId=JDIT0807
2026-07-22 12:11:48 [http-nio-8080-exec-3] DEBUG c.e.D.controller.UserController - Update payload: CreateProfileRequest(employeeName=Tejal Jalindar Gholap, email=tejalgholap0203@gmail.com, mobileNo=9270395641, employeeId=JDIT0807, joiningDesignation=DevOps Engineer, currentDesignation=DevOps Engineer, department=IT, currentAddress=Sudarshan Nagar, Pimple Gurav, Pune, 411061, permanentAddress=Bhavani Bhau Gholap vasti, Pathre BK, Ahilyanagar 413711, accountNo=1234567890, bankName=AU Small Finance Bank, joiningCTC=800000.0, currentCTC=800000.0, dateOfBirth=2001-03-02, offerDate=2025-01-10, joiningDate=2025-02-03, panNo=DQBPG5753G, company=JDIT, pfType=WITH_PF, identity=MRS, documents=[EXPERIENCE_LETTER, RELIEVING_LETTER], documentData={EXPERIENCE_LETTER={relievingDate=2026-07-20, issueDate=2026-07-20}, RELIEVING_LETTER={relievingDate=2026-07-20, issueDate=2026-07-20}})
2026-07-22 12:11:48 [http-nio-8080-exec-3] INFO  c.e.D.service.impl.UserServiceImpl - Updating user profile | userId=34 | employeeId=JDIT0807
2026-07-22 12:11:48 [http-nio-8080-exec-3] DEBUG c.e.D.service.impl.UserServiceImpl - Existing user fetched | userId=34 | oldEmployeeId=JDIT0807
2026-07-22 12:11:48 [http-nio-8080-exec-3] DEBUG c.e.D.service.impl.UserServiceImpl - Updating documents | userId=34
2026-07-22 12:11:48 [http-nio-8080-exec-3] INFO  c.e.D.service.impl.UserServiceImpl - User profile updated successfully | userId=34 | timeTaken=383ms
2026-07-22 12:11:48 [http-nio-8080-exec-3] INFO  c.e.D.controller.UserController - Profile updated successfully for userId=34, employeeId=JDIT0807
2026-07-22 12:13:13 [HikariPool-1:housekeeper] WARN  com.zaxxer.hikari.pool.PoolBase - HikariPool-1 - Failed to validate connection com.mysql.cj.jdbc.ConnectionImpl@684a44d9 (No operations allowed after connection closed.). Possibly consider using a shorter maxLifetime value.
2026-07-22 12:13:18 [HikariPool-1:housekeeper] WARN  com.zaxxer.hikari.pool.PoolBase - HikariPool-1 - Failed to validate connection com.mysql.cj.jdbc.ConnectionImpl@51a3db29 (No operations allowed after connection closed.). Possibly consider using a shorter maxLifetime value.
2026-07-22 12:13:29 [HikariPool-1:housekeeper] WARN  com.zaxxer.hikari.pool.PoolBase - HikariPool-1 - Failed to validate connection com.mysql.cj.jdbc.ConnectionImpl@5edf57dc (No operations allowed after connection closed.). Possibly consider using a shorter maxLifetime value.
2026-07-22 12:15:07 [HikariPool-1:housekeeper] WARN  com.zaxxer.hikari.pool.PoolBase - HikariPool-1 - Failed to validate connection com.mysql.cj.jdbc.ConnectionImpl@5364dd87 (No operations allowed after connection closed.). Possibly consider using a shorter maxLifetime value.
2026-07-22 12:15:20 [HikariPool-1:housekeeper] WARN  com.zaxxer.hikari.pool.PoolBase - HikariPool-1 - Failed to validate connection com.mysql.cj.jdbc.ConnectionImpl@3814fba0 (No operations allowed after connection closed.). Possibly consider using a shorter maxLifetime value.
2026-07-22 12:16:53 [HikariPool-1:housekeeper] WARN  com.zaxxer.hikari.pool.PoolBase - HikariPool-1 - Failed to validate connection com.mysql.cj.jdbc.ConnectionImpl@642b4494 (No operations allowed after connection closed.). Possibly consider using a shorter maxLifetime value.
2026-07-22 12:17:03 [HikariPool-1:housekeeper] WARN  com.zaxxer.hikari.pool.PoolBase - HikariPool-1 - Failed to validate connection com.mysql.cj.jdbc.ConnectionImpl@6ecb619e (No operations allowed after connection closed.). Possibly consider using a shorter maxLifetime value.
2026-07-22 12:18:45 [HikariPool-1:housekeeper] WARN  com.zaxxer.hikari.pool.PoolBase - HikariPool-1 - Failed to validate connection com.mysql.cj.jdbc.ConnectionImpl@70d25dec (No operations allowed after connection closed.). Possibly consider using a shorter maxLifetime value.
2026-07-22 12:18:51 [HikariPool-1:housekeeper] WARN  com.zaxxer.hikari.pool.PoolBase - HikariPool-1 - Failed to validate connection com.mysql.cj.jdbc.ConnectionImpl@5e498705 (No operations allowed after connection closed.). Possibly consider using a shorter maxLifetime value.
2026-07-22 12:20:37 [HikariPool-1:housekeeper] WARN  com.zaxxer.hikari.pool.PoolBase - HikariPool-1 - Failed to validate connection com.mysql.cj.jdbc.ConnectionImpl@6f5cabd2 (No operations allowed after connection closed.). Possibly consider using a shorter maxLifetime value.
2026-07-22 12:20:39 [HikariPool-1:housekeeper] WARN  com.zaxxer.hikari.pool.PoolBase - HikariPool-1 - Failed to validate connection com.mysql.cj.jdbc.ConnectionImpl@48528f9c (No operations allowed after connection closed.). Possibly consider using a shorter maxLifetime value.
2026-07-22 12:22:17 [HikariPool-1:housekeeper] WARN  com.zaxxer.hikari.pool.PoolBase - HikariPool-1 - Failed to validate connection com.mysql.cj.jdbc.ConnectionImpl@58946217 (No operations allowed after connection closed.). Possibly consider using a shorter maxLifetime value.
2026-07-22 12:22:26 [HikariPool-1:housekeeper] WARN  com.zaxxer.hikari.pool.PoolBase - HikariPool-1 - Failed to validate connection com.mysql.cj.jdbc.ConnectionImpl@22ef295 (No operations allowed after connection closed.). Possibly consider using a shorter maxLifetime value.
2026-07-22 12:24:03 [HikariPool-1:housekeeper] WARN  com.zaxxer.hikari.pool.PoolBase - HikariPool-1 - Failed to validate connection com.mysql.cj.jdbc.ConnectionImpl@25a3f635 (No operations allowed after connection closed.). Possibly consider using a shorter maxLifetime value.
2026-07-22 12:24:21 [HikariPool-1:housekeeper] WARN  com.zaxxer.hikari.pool.PoolBase - HikariPool-1 - Failed to validate connection com.mysql.cj.jdbc.ConnectionImpl@60c72b33 (No operations allowed after connection closed.). Possibly consider using a shorter maxLifetime value.
2026-07-22 12:25:45 [HikariPool-1:housekeeper] WARN  com.zaxxer.hikari.pool.PoolBase - HikariPool-1 - Failed to validate connection com.mysql.cj.jdbc.ConnectionImpl@61918ebf (No operations allowed after connection closed.). Possibly consider using a shorter maxLifetime value.
2026-07-22 12:26:05 [HikariPool-1:housekeeper] WARN  com.zaxxer.hikari.pool.PoolBase - HikariPool-1 - Failed to validate connection com.mysql.cj.jdbc.ConnectionImpl@6bc74a31 (No operations allowed after connection closed.). Possibly consider using a shorter maxLifetime value.
2026-07-22 12:27:36 [HikariPool-1:housekeeper] WARN  com.zaxxer.hikari.pool.PoolBase - HikariPool-1 - Failed to validate connection com.mysql.cj.jdbc.ConnectionImpl@132f6f36 (No operations allowed after connection closed.). Possibly consider using a shorter maxLifetime value.
2026-07-22 12:27:43 [HikariPool-1:housekeeper] WARN  com.zaxxer.hikari.pool.PoolBase - HikariPool-1 - Failed to validate connection com.mysql.cj.jdbc.ConnectionImpl@73d6db7a (No operations allowed after connection closed.). Possibly consider using a shorter maxLifetime value.
2026-07-22 12:28:03 [http-nio-8080-exec-10] INFO  c.e.Docgen_Backend.config.JwtFilter - JWT validated successfully for userId=6a311365ec2c34f3d9e4f06e
2026-07-22 12:28:03 [http-nio-8080-exec-10] INFO  c.e.D.controller.UserController - GET /api/v2/users - Fetch all users request received | page=0, size=8, sortBy=id, direction=desc
2026-07-22 12:28:03 [http-nio-8080-exec-10] WARN  com.zaxxer.hikari.pool.PoolBase - HikariPool-1 - Failed to validate connection com.mysql.cj.jdbc.ConnectionImpl@6d73ff02 (No operations allowed after connection closed.). Possibly consider using a shorter maxLifetime value.
2026-07-22 12:28:06 [http-nio-8080-exec-10] INFO  c.e.D.controller.UserController - Fetched 8 users on page 0 of 4
2026-07-22 12:28:06 [http-nio-8080-exec-2] INFO  c.e.Docgen_Backend.config.JwtFilter - JWT validated successfully for userId=6a311365ec2c34f3d9e4f06e
2026-07-22 12:28:06 [http-nio-8080-exec-2] INFO  c.e.D.controller.UserController - GET /api/v2/users - Fetch all users request received | page=0, size=8, sortBy=id, direction=desc
2026-07-22 12:28:08 [http-nio-8080-exec-3] INFO  c.e.Docgen_Backend.config.JwtFilter - JWT validated successfully for userId=6a311365ec2c34f3d9e4f06e
2026-07-22 12:28:08 [http-nio-8080-exec-3] INFO  c.e.D.controller.UserController - GET /api/v2/users/34 - Fetch request received
2026-07-22 12:28:08 [http-nio-8080-exec-3] INFO  c.e.D.service.impl.UserServiceImpl - Fetching user profile for edit | userId=34
2026-07-22 12:28:08 [http-nio-8080-exec-3] DEBUG c.e.D.service.impl.UserServiceImpl - User found | userId=34 | employeeId=JDIT0807
2026-07-22 12:28:08 [http-nio-8080-exec-3] INFO  c.e.D.service.impl.UserServiceImpl - User profile fetched successfully | userId=34 | timeTaken=312ms
2026-07-22 12:28:08 [http-nio-8080-exec-3] INFO  c.e.D.controller.UserController - Profile fetched successfully for userId=34
2026-07-22 12:28:08 [http-nio-8080-exec-3] DEBUG c.e.D.controller.UserController - Fetched profile data: UserProfileResponseDTO(id=34, employeeName=Tejal Jalindar Gholap, employeeId=JDIT0807, email=tejalgholap0203@gmail.com, mobileNo=9270395641, joiningDesignation=DevOps Engineer, currentDesignation=DevOps Engineer, department=IT, company=JDIT, identity=MRS, pfType=WITH_PF, accountNo=1234567890, bankName=AU Small Finance Bank, currentAddress=Sudarshan Nagar, Pimple Gurav, Pune, 411061, permanentAddress=Bhavani Bhau Gholap vasti, Pathre BK, Ahilyanagar 413711, joiningCTC=800000.0, currentCTC=800000.0, dateOfBirth=2001-03-02, offerDate=2025-01-10, joiningDate=2025-02-03, panNo=DQBPG5753G, documents={APPOINTMENT_LETTER=DocumentResponseDTO(generated=false, data=null), INTERNSHIP_LETTER=DocumentResponseDTO(generated=false, data=null), EXPERIENCE_LETTER=DocumentResponseDTO(generated=true, data={issueDate=2026-07-20, relievingDate=2026-07-20}), FULL_AND_FINAL=DocumentResponseDTO(generated=false, data=null), CONFIRMATION_LETTER=DocumentResponseDTO(generated=false, data=null), INCREMENT_LETTER=DocumentResponseDTO(generated=false, data=null), RELIEVING_LETTER=DocumentResponseDTO(generated=true, data={issueDate=2026-07-20, relievingDate=2026-07-20}), SALARY_SLIP=DocumentResponseDTO(generated=false, data=null), COMPLETION_LETTER=DocumentResponseDTO(generated=false, data=null), OFFER_LETTER=DocumentResponseDTO(generated=false, data=null)})
2026-07-22 12:28:08 [http-nio-8080-exec-3] INFO  c.e.Docgen_Backend.config.JwtFilter - JWT validated successfully for userId=6a311365ec2c34f3d9e4f06e
2026-07-22 12:28:08 [http-nio-8080-exec-3] INFO  c.e.D.controller.UserController - GET /api/v2/users/34 - Fetch request received
2026-07-22 12:28:08 [http-nio-8080-exec-3] INFO  c.e.D.service.impl.UserServiceImpl - Fetching user profile for edit | userId=34
2026-07-22 12:28:08 [http-nio-8080-exec-3] DEBUG c.e.D.service.impl.UserServiceImpl - User found | userId=34 | employeeId=JDIT0807
2026-07-22 12:28:08 [http-nio-8080-exec-3] INFO  c.e.D.service.impl.UserServiceImpl - User profile fetched successfully | userId=34 | timeTaken=293ms
2026-07-22 12:28:08 [http-nio-8080-exec-3] INFO  c.e.D.controller.UserController - Profile fetched successfully for userId=34
2026-07-22 12:28:08 [http-nio-8080-exec-3] DEBUG c.e.D.controller.UserController - Fetched profile data: UserProfileResponseDTO(id=34, employeeName=Tejal Jalindar Gholap, employeeId=JDIT0807, email=tejalgholap0203@gmail.com, mobileNo=9270395641, joiningDesignation=DevOps Engineer, currentDesignation=DevOps Engineer, department=IT, company=JDIT, identity=MRS, pfType=WITH_PF, accountNo=1234567890, bankName=AU Small Finance Bank, currentAddress=Sudarshan Nagar, Pimple Gurav, Pune, 411061, permanentAddress=Bhavani Bhau Gholap vasti, Pathre BK, Ahilyanagar 413711, joiningCTC=800000.0, currentCTC=800000.0, dateOfBirth=2001-03-02, offerDate=2025-01-10, joiningDate=2025-02-03, panNo=DQBPG5753G, documents={APPOINTMENT_LETTER=DocumentResponseDTO(generated=false, data=null), INTERNSHIP_LETTER=DocumentResponseDTO(generated=false, data=null), EXPERIENCE_LETTER=DocumentResponseDTO(generated=true, data={issueDate=2026-07-20, relievingDate=2026-07-20}), FULL_AND_FINAL=DocumentResponseDTO(generated=false, data=null), CONFIRMATION_LETTER=DocumentResponseDTO(generated=false, data=null), INCREMENT_LETTER=DocumentResponseDTO(generated=false, data=null), RELIEVING_LETTER=DocumentResponseDTO(generated=true, data={issueDate=2026-07-20, relievingDate=2026-07-20}), SALARY_SLIP=DocumentResponseDTO(generated=false, data=null), COMPLETION_LETTER=DocumentResponseDTO(generated=false, data=null), OFFER_LETTER=DocumentResponseDTO(generated=false, data=null)})
2026-07-22 12:28:08 [http-nio-8080-exec-2] INFO  c.e.D.controller.UserController - Fetched 8 users on page 0 of 4
2026-07-22 12:28:21 [http-nio-8080-exec-6] INFO  c.e.Docgen_Backend.config.JwtFilter - JWT validated successfully for userId=6a311365ec2c34f3d9e4f06e
2026-07-22 12:28:21 [http-nio-8080-exec-6] INFO  c.e.D.controller.UserController - PATCH /api/v2/users/34 - Update request received for employeeId=JDIT0807
2026-07-22 12:28:21 [http-nio-8080-exec-6] DEBUG c.e.D.controller.UserController - Update payload: CreateProfileRequest(employeeName=Tejal Jalindar Gholap, email=tejalgholap0203@gmail.com, mobileNo=9270395641, employeeId=JDIT0807, joiningDesignation=DevOps Engineer, currentDesignation=DevOps Engineer, department=IT, currentAddress=Sudarshan Nagar, Pimple Gurav, Pune, 411061, permanentAddress=Bhavani Bhau Gholap vasti, Pathre BK, Ahilyanagar 413711, accountNo=1234567890, bankName=AU Small Finance Bank, joiningCTC=800000.0, currentCTC=800000.0, dateOfBirth=2001-03-02, offerDate=2025-01-10, joiningDate=2025-02-03, panNo=DQBPG5753G, company=JDIT, pfType=WITH_PF, identity=MISS, documents=[EXPERIENCE_LETTER, RELIEVING_LETTER], documentData={EXPERIENCE_LETTER={relievingDate=2026-07-20, issueDate=2026-07-20}, RELIEVING_LETTER={relievingDate=2026-07-20, issueDate=2026-07-20}})
2026-07-22 12:28:21 [http-nio-8080-exec-6] INFO  c.e.D.service.impl.UserServiceImpl - Updating user profile | userId=34 | employeeId=JDIT0807
2026-07-22 12:28:21 [http-nio-8080-exec-6] DEBUG c.e.D.service.impl.UserServiceImpl - Existing user fetched | userId=34 | oldEmployeeId=JDIT0807
2026-07-22 12:28:21 [http-nio-8080-exec-6] DEBUG c.e.D.service.impl.UserServiceImpl - Updating documents | userId=34
2026-07-22 12:28:21 [http-nio-8080-exec-6] INFO  c.e.D.service.impl.UserServiceImpl - User profile updated successfully | userId=34 | timeTaken=431ms
2026-07-22 12:28:21 [http-nio-8080-exec-6] INFO  c.e.D.controller.UserController - Profile updated successfully for userId=34, employeeId=JDIT0807
2026-07-22 12:29:28 [HikariPool-1:housekeeper] WARN  com.zaxxer.hikari.pool.PoolBase - HikariPool-1 - Failed to validate connection com.mysql.cj.jdbc.ConnectionImpl@5216462d (No operations allowed after connection closed.). Possibly consider using a shorter maxLifetime value.
2026-07-22 12:29:47 [HikariPool-1:housekeeper] WARN  com.zaxxer.hikari.pool.PoolBase - HikariPool-1 - Failed to validate connection com.mysql.cj.jdbc.ConnectionImpl@39bf4908 (No operations allowed after connection closed.). Possibly consider using a shorter maxLifetime value.
2026-07-22 12:29:57 [HikariPool-1:housekeeper] WARN  com.zaxxer.hikari.pool.PoolBase - HikariPool-1 - Failed to validate connection com.mysql.cj.jdbc.ConnectionImpl@25e86358 (No operations allowed after connection closed.). Possibly consider using a shorter maxLifetime value.
2026-07-22 12:31:28 [HikariPool-1:housekeeper] WARN  com.zaxxer.hikari.pool.PoolBase - HikariPool-1 - Failed to validate connection com.mysql.cj.jdbc.ConnectionImpl@20ea0d80 (No operations allowed after connection closed.). Possibly consider using a shorter maxLifetime value.
2026-07-22 12:31:50 [HikariPool-1:housekeeper] WARN  com.zaxxer.hikari.pool.PoolBase - HikariPool-1 - Failed to validate connection com.mysql.cj.jdbc.ConnectionImpl@78f8f1d7 (No operations allowed after connection closed.). Possibly consider using a shorter maxLifetime value.
2026-07-22 12:33:09 [HikariPool-1:housekeeper] WARN  com.zaxxer.hikari.pool.PoolBase - HikariPool-1 - Failed to validate connection com.mysql.cj.jdbc.ConnectionImpl@1c3b6699 (No operations allowed after connection closed.). Possibly consider using a shorter maxLifetime value.
2026-07-22 12:33:27 [HikariPool-1:housekeeper] WARN  com.zaxxer.hikari.pool.PoolBase - HikariPool-1 - Failed to validate connection com.mysql.cj.jdbc.ConnectionImpl@58fa8eac (No operations allowed after connection closed.). Possibly consider using a shorter maxLifetime value.
2026-07-22 12:34:45 [HikariPool-1:housekeeper] WARN  com.zaxxer.hikari.pool.PoolBase - HikariPool-1 - Failed to validate connection com.mysql.cj.jdbc.ConnectionImpl@1cf86ee7 (No operations allowed after connection closed.). Possibly consider using a shorter maxLifetime value.
2026-07-22 12:35:11 [HikariPool-1:housekeeper] WARN  com.zaxxer.hikari.pool.PoolBase - HikariPool-1 - Failed to validate connection com.mysql.cj.jdbc.ConnectionImpl@6a5cd0a8 (No operations allowed after connection closed.). Possibly consider using a shorter maxLifetime value.
2026-07-22 12:36:25 [HikariPool-1:housekeeper] WARN  com.zaxxer.hikari.pool.PoolBase - HikariPool-1 - Failed to validate connection com.mysql.cj.jdbc.ConnectionImpl@68447362 (No operations allowed after connection closed.). Possibly consider using a shorter maxLifetime value.
2026-07-22 12:37:02 [HikariPool-1:housekeeper] WARN  com.zaxxer.hikari.pool.PoolBase - HikariPool-1 - Failed to validate connection com.mysql.cj.jdbc.ConnectionImpl@7fbc2aab (No operations allowed after connection closed.). Possibly consider using a shorter maxLifetime value.
2026-07-22 12:38:19 [HikariPool-1:housekeeper] WARN  com.zaxxer.hikari.pool.PoolBase - HikariPool-1 - Failed to validate connection com.mysql.cj.jdbc.ConnectionImpl@264fd563 (No operations allowed after connection closed.). Possibly consider using a shorter maxLifetime value.
2026-07-22 12:38:45 [HikariPool-1:housekeeper] WARN  com.zaxxer.hikari.pool.PoolBase - HikariPool-1 - Failed to validate connection com.mysql.cj.jdbc.ConnectionImpl@8652ce (No operations allowed after connection closed.). Possibly consider using a shorter maxLifetime value.
2026-07-22 12:40:15 [HikariPool-1:housekeeper] WARN  com.zaxxer.hikari.pool.PoolBase - HikariPool-1 - Failed to validate connection com.mysql.cj.jdbc.ConnectionImpl@6e713cdc (No operations allowed after connection closed.). Possibly consider using a shorter maxLifetime value.
2026-07-22 12:40:28 [HikariPool-1:housekeeper] WARN  com.zaxxer.hikari.pool.PoolBase - HikariPool-1 - Failed to validate connection com.mysql.cj.jdbc.ConnectionImpl@4c64b9ed (No operations allowed after connection closed.). Possibly consider using a shorter maxLifetime value.
2026-07-22 12:42:04 [HikariPool-1:housekeeper] WARN  com.zaxxer.hikari.pool.PoolBase - HikariPool-1 - Failed to validate connection com.mysql.cj.jdbc.ConnectionImpl@751ae2cc (No operations allowed after connection closed.). Possibly consider using a shorter maxLifetime value.
2026-07-22 12:42:11 [HikariPool-1:housekeeper] WARN  com.zaxxer.hikari.pool.PoolBase - HikariPool-1 - Failed to validate connection com.mysql.cj.jdbc.ConnectionImpl@56f23d30 (No operations allowed after connection closed.). Possibly consider using a shorter maxLifetime value.
2026-07-22 12:43:45 [HikariPool-1:housekeeper] WARN  com.zaxxer.hikari.pool.PoolBase - HikariPool-1 - Failed to validate connection com.mysql.cj.jdbc.ConnectionImpl@332daea2 (No operations allowed after connection closed.). Possibly consider using a shorter maxLifetime value.
2026-07-22 12:43:52 [HikariPool-1:housekeeper] WARN  com.zaxxer.hikari.pool.PoolBase - HikariPool-1 - Failed to validate connection com.mysql.cj.jdbc.ConnectionImpl@497b38e4 (No operations allowed after connection closed.). Possibly consider using a shorter maxLifetime value.
2026-07-22 12:45:30 [HikariPool-1:housekeeper] WARN  com.zaxxer.hikari.pool.PoolBase - HikariPool-1 - Failed to validate connection com.mysql.cj.jdbc.ConnectionImpl@1f6088f5 (No operations allowed after connection closed.). Possibly consider using a shorter maxLifetime value.
2026-07-22 12:45:35 [HikariPool-1:housekeeper] WARN  com.zaxxer.hikari.pool.PoolBase - HikariPool-1 - Failed to validate connection com.mysql.cj.jdbc.ConnectionImpl@3da4070e (No operations allowed after connection closed.). Possibly consider using a shorter maxLifetime value.
2026-07-22 12:47:19 [HikariPool-1:housekeeper] WARN  com.zaxxer.hikari.pool.PoolBase - HikariPool-1 - Failed to validate connection com.mysql.cj.jdbc.ConnectionImpl@4f061ea1 (No operations allowed after connection closed.). Possibly consider using a shorter maxLifetime value.
2026-07-22 12:47:27 [HikariPool-1:housekeeper] WARN  com.zaxxer.hikari.pool.PoolBase - HikariPool-1 - Failed to validate connection com.mysql.cj.jdbc.ConnectionImpl@3c689eee (No operations allowed after connection closed.). Possibly consider using a shorter maxLifetime value.
2026-07-22 12:49:12 [HikariPool-1:housekeeper] WARN  com.zaxxer.hikari.pool.PoolBase - HikariPool-1 - Failed to validate connection com.mysql.cj.jdbc.ConnectionImpl@5e659390 (No operations allowed after connection closed.). Possibly consider using a shorter maxLifetime value.
2026-07-22 12:49:22 [HikariPool-1:housekeeper] WARN  com.zaxxer.hikari.pool.PoolBase - HikariPool-1 - Failed to validate connection com.mysql.cj.jdbc.ConnectionImpl@22b86c33 (No operations allowed after connection closed.). Possibly consider using a shorter maxLifetime value.
2026-07-22 12:50:52 [HikariPool-1:housekeeper] WARN  com.zaxxer.hikari.pool.PoolBase - HikariPool-1 - Failed to validate connection com.mysql.cj.jdbc.ConnectionImpl@3a20504a (No operations allowed after connection closed.). Possibly consider using a shorter maxLifetime value.
2026-07-22 12:51:00 [HikariPool-1:housekeeper] WARN  com.zaxxer.hikari.pool.PoolBase - HikariPool-1 - Failed to validate connection com.mysql.cj.jdbc.ConnectionImpl@7956536a (No operations allowed after connection closed.). Possibly consider using a shorter maxLifetime value.
2026-07-22 12:52:46 [HikariPool-1:housekeeper] WARN  com.zaxxer.hikari.pool.PoolBase - HikariPool-1 - Failed to validate connection com.mysql.cj.jdbc.ConnectionImpl@54ec950b (No operations allowed after connection closed.). Possibly consider using a shorter maxLifetime value.
2026-07-22 12:52:54 [HikariPool-1:housekeeper] WARN  com.zaxxer.hikari.pool.PoolBase - HikariPool-1 - Failed to validate connection com.mysql.cj.jdbc.ConnectionImpl@740228d2 (No operations allowed after connection closed.). Possibly consider using a shorter maxLifetime value.
2026-07-22 12:54:24 [HikariPool-1:housekeeper] WARN  com.zaxxer.hikari.pool.PoolBase - HikariPool-1 - Failed to validate connection com.mysql.cj.jdbc.ConnectionImpl@190b5836 (No operations allowed after connection closed.). Possibly consider using a shorter maxLifetime value.
2026-07-22 12:54:30 [HikariPool-1:housekeeper] WARN  com.zaxxer.hikari.pool.PoolBase - HikariPool-1 - Failed to validate connection com.mysql.cj.jdbc.ConnectionImpl@643c102c (No operations allowed after connection closed.). Possibly consider using a shorter maxLifetime value.
2026-07-22 12:56:12 [HikariPool-1:housekeeper] WARN  com.zaxxer.hikari.pool.PoolBase - HikariPool-1 - Failed to validate connection com.mysql.cj.jdbc.ConnectionImpl@703b5df0 (No operations allowed after connection closed.). Possibly consider using a shorter maxLifetime value.
2026-07-22 12:56:15 [HikariPool-1:housekeeper] WARN  com.zaxxer.hikari.pool.PoolBase - HikariPool-1 - Failed to validate connection com.mysql.cj.jdbc.ConnectionImpl@1a9237df (No operations allowed after connection closed.). Possibly consider using a shorter maxLifetime value.
2026-07-22 12:56:24 [SpringApplicationShutdownHook] INFO  o.s.boot.tomcat.GracefulShutdown - Commencing graceful shutdown. Waiting for active requests to complete
2026-07-22 12:56:24 [tomcat-shutdown] INFO  o.s.boot.tomcat.GracefulShutdown - Graceful shutdown complete
2026-07-22 12:56:24 [SpringApplicationShutdownHook] INFO  o.s.o.j.LocalContainerEntityManagerFactoryBean - Closing JPA EntityManagerFactory for persistence unit 'default'
2026-07-22 12:56:24 [SpringApplicationShutdownHook] INFO  com.zaxxer.hikari.HikariDataSource - HikariPool-1 - Shutdown initiated...
2026-07-22 12:56:24 [SpringApplicationShutdownHook] INFO  com.zaxxer.hikari.HikariDataSource - HikariPool-1 - Shutdown completed.
2026-07-22 14:49:49 [background-preinit] INFO  o.h.validator.internal.util.Version - HV000001: Hibernate Validator 9.0.1.Final
2026-07-22 14:49:49 [restartedMain] INFO  c.e.D.DocgenBackendApplication - Starting DocgenBackendApplication using Java 21.0.9 with PID 25536 (E:\DocGen New Front V2\Docgen-Backend\target\classes started by prath in E:\DocGen New Front V2\Docgen-Backend)
2026-07-22 14:49:49 [restartedMain] DEBUG c.e.D.DocgenBackendApplication - Running with Spring Boot v4.0.6, Spring v7.0.7
2026-07-22 14:49:49 [restartedMain] INFO  c.e.D.DocgenBackendApplication - No active profile set, falling back to 1 default profile: "default"
2026-07-22 14:49:49 [restartedMain] INFO  o.s.b.d.e.DevToolsPropertyDefaultsPostProcessor - Devtools property defaults active! Set 'spring.devtools.add-properties' to 'false' to disable
2026-07-22 14:49:49 [restartedMain] INFO  o.s.b.d.e.DevToolsPropertyDefaultsPostProcessor - For additional web related logging consider setting the 'logging.level.web' property to 'DEBUG'
2026-07-22 14:49:49 [restartedMain] INFO  o.s.d.r.c.RepositoryConfigurationDelegate - Bootstrapping Spring Data JPA repositories in DEFAULT mode.
2026-07-22 14:49:50 [restartedMain] INFO  o.s.d.r.c.RepositoryConfigurationDelegate - Finished Spring Data repository scanning in 49 ms. Found 3 JPA repository interfaces.
2026-07-22 14:49:50 [restartedMain] INFO  o.s.boot.tomcat.TomcatWebServer - Tomcat initialized with port 8080 (http)
2026-07-22 14:49:50 [restartedMain] INFO  o.a.coyote.http11.Http11NioProtocol - Initializing ProtocolHandler ["http-nio-8080"]
2026-07-22 14:49:50 [restartedMain] INFO  o.a.catalina.core.StandardService - Starting service [Tomcat]
2026-07-22 14:49:50 [restartedMain] INFO  o.a.catalina.core.StandardEngine - Starting Servlet engine: [Apache Tomcat/11.0.21]
2026-07-22 14:49:50 [restartedMain] INFO  o.s.b.w.c.s.WebApplicationContextInitializer - Root WebApplicationContext: initialization completed in 1300 ms
2026-07-22 14:49:50 [restartedMain] DEBUG c.e.Docgen_Backend.config.JwtFilter - Filter 'jwtFilter' configured for use
2026-07-22 14:49:50 [restartedMain] INFO  org.hibernate.orm.jpa - HHH008540: Processing PersistenceUnitInfo [name: default]
2026-07-22 14:49:50 [restartedMain] INFO  org.hibernate.orm.core - HHH000001: Hibernate ORM core version 7.2.12.Final
2026-07-22 14:49:51 [restartedMain] INFO  o.s.o.j.p.SpringPersistenceUnitInfo - No LoadTimeWeaver setup: ignoring JPA class transformer
2026-07-22 14:49:51 [restartedMain] INFO  com.zaxxer.hikari.HikariDataSource - HikariPool-1 - Starting...
2026-07-22 14:49:52 [restartedMain] INFO  com.zaxxer.hikari.pool.HikariPool - HikariPool-1 - Added connection com.mysql.cj.jdbc.ConnectionImpl@6bc2a36e
2026-07-22 14:49:52 [restartedMain] INFO  com.zaxxer.hikari.HikariDataSource - HikariPool-1 - Start completed.
2026-07-22 14:49:52 [restartedMain] WARN  org.hibernate.orm.jdbc - HHH100045: Could not obtain connection metadata: java.sql.SQLSyntaxErrorException: Unknown column 'RESERVED' in 'WHERE'
2026-07-22 14:49:52 [restartedMain] WARN  org.hibernate.orm.deprecation - HHH90000025: MySQLDialect does not need to be specified explicitly using 'hibernate.dialect' (remove the property setting and it will be selected by default)
2026-07-22 14:49:52 [restartedMain] INFO  o.hibernate.orm.connections.pooling - HHH10001005: Database info:
	Database JDBC URL [undefined/unknown]
	Database driver: undefined/unknown
	Database dialect: MySQLDialect
	Database version: 8.0
	Default catalog/schema: unknown/unknown
	Autocommit mode: undefined/unknown
	Isolation level: NONE [default NONE]
	JDBC fetch size: undefined/unknown
	Pool: DataSourceConnectionProvider
	Minimum pool size: undefined/unknown
	Maximum pool size: undefined/unknown
2026-07-22 14:49:53 [restartedMain] INFO  org.hibernate.orm.core - HHH000489: No JTA platform available (set 'hibernate.transaction.jta.platform' to enable JTA platform integration)
2026-07-22 14:50:05 [restartedMain] INFO  o.s.o.j.LocalContainerEntityManagerFactoryBean - Initialized JPA EntityManagerFactory for persistence unit 'default'
2026-07-22 14:50:05 [restartedMain] INFO  o.s.d.j.r.q.QueryEnhancerFactories - Hibernate is in classpath; If applicable, HQL parser will be used.
2026-07-22 14:50:06 [restartedMain] INFO  o.s.s.c.a.a.c.InitializeUserDetailsBeanManagerConfigurer$InitializeUserDetailsManagerConfigurer - Global AuthenticationManager configured with UserDetailsService bean with name customUserDetailsService
2026-07-22 14:50:06 [restartedMain] WARN  o.s.b.j.a.JpaBaseConfiguration$JpaWebConfiguration - spring.jpa.open-in-view is enabled by default. Therefore, database queries may be performed during view rendering. Explicitly configure spring.jpa.open-in-view to disable this warning
2026-07-22 14:50:07 [restartedMain] INFO  o.a.coyote.http11.Http11NioProtocol - Starting ProtocolHandler ["http-nio-8080"]
2026-07-22 14:50:07 [restartedMain] INFO  o.s.boot.tomcat.TomcatWebServer - Tomcat started on port 8080 (http) with context path '/'
2026-07-22 14:50:07 [restartedMain] INFO  c.e.D.DocgenBackendApplication - Started DocgenBackendApplication in 18.57 seconds (process running for 19.231)
2026-07-22 14:50:12 [http-nio-8080-exec-4] INFO  o.a.c.c.C.[Tomcat].[localhost].[/] - Initializing Spring DispatcherServlet 'dispatcherServlet'
2026-07-22 14:50:12 [http-nio-8080-exec-4] INFO  o.s.web.servlet.DispatcherServlet - Initializing Servlet 'dispatcherServlet'
2026-07-22 14:50:12 [http-nio-8080-exec-4] INFO  o.s.web.servlet.DispatcherServlet - Completed initialization in 2 ms
2026-07-22 14:50:12 [http-nio-8080-exec-3] INFO  c.e.Docgen_Backend.config.JwtFilter - JWT validated successfully for userId=6a311365ec2c34f3d9e4f06e
2026-07-22 14:50:12 [http-nio-8080-exec-3] INFO  c.e.D.controller.UserController - GET /api/v2/users - Fetch all users request received | page=0, size=8, sortBy=id, direction=desc
2026-07-22 14:50:15 [http-nio-8080-exec-3] INFO  c.e.D.controller.UserController - Fetched 8 users on page 0 of 4
2026-07-22 14:50:15 [http-nio-8080-exec-2] INFO  c.e.Docgen_Backend.config.JwtFilter - JWT validated successfully for userId=6a311365ec2c34f3d9e4f06e
2026-07-22 14:50:15 [http-nio-8080-exec-2] INFO  c.e.D.controller.UserController - GET /api/v2/users - Fetch all users request received | page=0, size=8, sortBy=id, direction=desc
2026-07-22 14:50:18 [http-nio-8080-exec-5] INFO  c.e.Docgen_Backend.config.JwtFilter - JWT validated successfully for userId=6a311365ec2c34f3d9e4f06e
2026-07-22 14:50:18 [http-nio-8080-exec-5] INFO  c.e.D.controller.UserController - GET /api/v2/users/32 - Fetch request received
2026-07-22 14:50:18 [http-nio-8080-exec-5] INFO  c.e.D.service.impl.UserServiceImpl - Fetching user profile for edit | userId=32
2026-07-22 14:50:18 [http-nio-8080-exec-5] WARN  com.zaxxer.hikari.pool.PoolBase - HikariPool-1 - Failed to validate connection com.mysql.cj.jdbc.ConnectionImpl@521f6ef4 (No operations allowed after connection closed.). Possibly consider using a shorter maxLifetime value.
2026-07-22 14:50:18 [http-nio-8080-exec-5] WARN  com.zaxxer.hikari.pool.PoolBase - HikariPool-1 - Failed to validate connection com.mysql.cj.jdbc.ConnectionImpl@6c2085d9 (No operations allowed after connection closed.). Possibly consider using a shorter maxLifetime value.
2026-07-22 14:50:19 [http-nio-8080-exec-2] INFO  c.e.D.controller.UserController - Fetched 8 users on page 0 of 4
2026-07-22 14:50:20 [http-nio-8080-exec-5] DEBUG c.e.D.service.impl.UserServiceImpl - User found | userId=32 | employeeId=PSCS836
2026-07-22 14:50:20 [http-nio-8080-exec-5] INFO  c.e.D.service.impl.UserServiceImpl - User profile fetched successfully | userId=32 | timeTaken=1598ms
2026-07-22 14:50:20 [http-nio-8080-exec-5] INFO  c.e.D.controller.UserController - Profile fetched successfully for userId=32
2026-07-22 14:50:20 [http-nio-8080-exec-5] DEBUG c.e.D.controller.UserController - Fetched profile data: UserProfileResponseDTO(id=32, employeeName=Prashant Kiran Yadav, employeeId=PSCS836, email=yprashantkiran@gmail.com, mobileNo=8446861516, joiningDesignation=Jr. Software Test Engineer, currentDesignation=Software Test Engineer, department=IT, company=PSCS, identity=MR, pfType=WITHOUT_PF, accountNo=369201504327, bankName=ICICI Bank, currentAddress=Dhumal mala, near theur phata, Kunjirwadi, Pune -412201, permanentAddress=Dhumal mala, near theur phata, Kunjirwadi, Pune -412201, joiningCTC=366000.0, currentCTC=547176.0, dateOfBirth=1988-06-10, offerDate=2022-08-03, joiningDate=2022-09-06, panNo=AFLPY4911L, documents={APPOINTMENT_LETTER=DocumentResponseDTO(generated=false, data=null), INTERNSHIP_LETTER=DocumentResponseDTO(generated=false, data=null), EXPERIENCE_LETTER=DocumentResponseDTO(generated=false, data=null), FULL_AND_FINAL=DocumentResponseDTO(generated=false, data=null), CONFIRMATION_LETTER=DocumentResponseDTO(generated=false, data=null), INCREMENT_LETTER=DocumentResponseDTO(generated=true, data={issueDate=2025-04-01}), RELIEVING_LETTER=DocumentResponseDTO(generated=false, data=null), SALARY_SLIP=DocumentResponseDTO(generated=true, data={startMonth=2026-04, endMonth=2026-06}), COMPLETION_LETTER=DocumentResponseDTO(generated=false, data=null), OFFER_LETTER=DocumentResponseDTO(generated=true, data={issueDate=2022-08-03, probationPeriod=3})})
2026-07-22 14:50:20 [http-nio-8080-exec-8] INFO  c.e.Docgen_Backend.config.JwtFilter - JWT validated successfully for userId=6a311365ec2c34f3d9e4f06e
2026-07-22 14:50:20 [http-nio-8080-exec-8] INFO  c.e.D.controller.UserController - GET /api/v2/users/32 - Fetch request received
2026-07-22 14:50:20 [http-nio-8080-exec-8] INFO  c.e.D.service.impl.UserServiceImpl - Fetching user profile for edit | userId=32
2026-07-22 14:50:20 [http-nio-8080-exec-8] DEBUG c.e.D.service.impl.UserServiceImpl - User found | userId=32 | employeeId=PSCS836
2026-07-22 14:50:20 [http-nio-8080-exec-8] INFO  c.e.D.service.impl.UserServiceImpl - User profile fetched successfully | userId=32 | timeTaken=386ms
2026-07-22 14:50:20 [http-nio-8080-exec-8] INFO  c.e.D.controller.UserController - Profile fetched successfully for userId=32
2026-07-22 14:50:20 [http-nio-8080-exec-8] DEBUG c.e.D.controller.UserController - Fetched profile data: UserProfileResponseDTO(id=32, employeeName=Prashant Kiran Yadav, employeeId=PSCS836, email=yprashantkiran@gmail.com, mobileNo=8446861516, joiningDesignation=Jr. Software Test Engineer, currentDesignation=Software Test Engineer, department=IT, company=PSCS, identity=MR, pfType=WITHOUT_PF, accountNo=369201504327, bankName=ICICI Bank, currentAddress=Dhumal mala, near theur phata, Kunjirwadi, Pune -412201, permanentAddress=Dhumal mala, near theur phata, Kunjirwadi, Pune -412201, joiningCTC=366000.0, currentCTC=547176.0, dateOfBirth=1988-06-10, offerDate=2022-08-03, joiningDate=2022-09-06, panNo=AFLPY4911L, documents={APPOINTMENT_LETTER=DocumentResponseDTO(generated=false, data=null), INTERNSHIP_LETTER=DocumentResponseDTO(generated=false, data=null), EXPERIENCE_LETTER=DocumentResponseDTO(generated=false, data=null), FULL_AND_FINAL=DocumentResponseDTO(generated=false, data=null), CONFIRMATION_LETTER=DocumentResponseDTO(generated=false, data=null), INCREMENT_LETTER=DocumentResponseDTO(generated=true, data={issueDate=2025-04-01}), RELIEVING_LETTER=DocumentResponseDTO(generated=false, data=null), SALARY_SLIP=DocumentResponseDTO(generated=true, data={startMonth=2026-04, endMonth=2026-06}), COMPLETION_LETTER=DocumentResponseDTO(generated=false, data=null), OFFER_LETTER=DocumentResponseDTO(generated=true, data={issueDate=2022-08-03, probationPeriod=3})})
2026-07-22 14:50:28 [http-nio-8080-exec-10] INFO  c.e.Docgen_Backend.config.JwtFilter - JWT validated successfully for userId=6a311365ec2c34f3d9e4f06e
2026-07-22 14:50:28 [http-nio-8080-exec-10] INFO  c.e.D.controller.UserController - PATCH /api/v2/users/32 - Update request received for employeeId=PSCS836
2026-07-22 14:50:28 [http-nio-8080-exec-10] DEBUG c.e.D.controller.UserController - Update payload: CreateProfileRequest(employeeName=Prashant Kiran Yadav, email=yprashantkiran@gmail.com, mobileNo=8446861516, employeeId=PSCS836, joiningDesignation=Jr. Software Test Engineer, currentDesignation=Software Test Engineer, department=IT, currentAddress=Dhumal mala, near theur phata, Kunjirwadi, Pune -412201, permanentAddress=Dhumal mala, near theur phata, Kunjirwadi, Pune -412201, accountNo=369201504327, bankName=ICICI Bank, joiningCTC=366000.0, currentCTC=547176.0, dateOfBirth=1988-06-10, offerDate=2022-08-03, joiningDate=2022-09-06, panNo=AFLPY4911L, company=PSCS, pfType=WITHOUT_PF, identity=MR, documents=[INCREMENT_LETTER, SALARY_SLIP, OFFER_LETTER], documentData={OFFER_LETTER={issueDate=2022-08-03, probationPeriod=3}, INCREMENT_LETTER={issueDate=2025-04-01}, SALARY_SLIP={startMonth=2026-04, endMonth=2026-06, salaryWorkdays={2026-04=30, 2026-05=31, 2026-06=30}}})
2026-07-22 14:50:28 [http-nio-8080-exec-10] INFO  c.e.D.service.impl.UserServiceImpl - Updating user profile | userId=32 | employeeId=PSCS836
2026-07-22 14:50:28 [http-nio-8080-exec-10] DEBUG c.e.D.service.impl.UserServiceImpl - Existing user fetched | userId=32 | oldEmployeeId=PSCS836
2026-07-22 14:50:28 [http-nio-8080-exec-10] DEBUG c.e.D.service.impl.UserServiceImpl - Updating documents | userId=32
2026-07-22 14:50:28 [http-nio-8080-exec-10] INFO  c.e.D.service.impl.UserServiceImpl - User profile updated successfully | userId=32 | timeTaken=665ms
2026-07-22 14:50:28 [http-nio-8080-exec-10] INFO  c.e.D.controller.UserController - Profile updated successfully for userId=32, employeeId=PSCS836
2026-07-22 14:51:01 [http-nio-8080-exec-3] INFO  c.e.Docgen_Backend.config.JwtFilter - JWT validated successfully for userId=6a311365ec2c34f3d9e4f06e
2026-07-22 14:51:01 [http-nio-8080-exec-3] INFO  c.e.D.controller.UserController - GET /api/v2/users - Fetch all users request received | page=0, size=8, sortBy=id, direction=desc
2026-07-22 14:51:01 [http-nio-8080-exec-3] WARN  com.zaxxer.hikari.pool.PoolBase - HikariPool-1 - Failed to validate connection com.mysql.cj.jdbc.ConnectionImpl@6bc2a36e (No operations allowed after connection closed.). Possibly consider using a shorter maxLifetime value.
2026-07-22 14:51:01 [http-nio-8080-exec-3] WARN  com.zaxxer.hikari.pool.PoolBase - HikariPool-1 - Failed to validate connection com.mysql.cj.jdbc.ConnectionImpl@501e8713 (No operations allowed after connection closed.). Possibly consider using a shorter maxLifetime value.
2026-07-22 14:51:01 [http-nio-8080-exec-3] WARN  com.zaxxer.hikari.pool.PoolBase - HikariPool-1 - Failed to validate connection com.mysql.cj.jdbc.ConnectionImpl@47da6e18 (No operations allowed after connection closed.). Possibly consider using a shorter maxLifetime value.
2026-07-22 14:51:05 [http-nio-8080-exec-3] INFO  c.e.D.controller.UserController - Fetched 8 users on page 0 of 4
2026-07-22 14:51:06 [http-nio-8080-exec-6] INFO  c.e.Docgen_Backend.config.JwtFilter - JWT validated successfully for userId=6a311365ec2c34f3d9e4f06e
2026-07-22 14:51:06 [http-nio-8080-exec-6] INFO  c.e.D.controller.UserController - GET /api/v2/users - Fetch all users request received | page=0, size=8, sortBy=id, direction=desc
2026-07-22 14:51:11 [http-nio-8080-exec-6] INFO  c.e.D.controller.UserController - Fetched 8 users on page 0 of 4
2026-07-22 14:51:13 [http-nio-8080-exec-2] INFO  c.e.Docgen_Backend.config.JwtFilter - JWT validated successfully for userId=6a311365ec2c34f3d9e4f06e
2026-07-22 14:51:13 [http-nio-8080-exec-2] INFO  c.e.D.controller.UserController - GET /api/v2/users - Fetch all users request received | page=1, size=8, sortBy=id, direction=desc
2026-07-22 14:51:16 [http-nio-8080-exec-2] INFO  c.e.D.controller.UserController - Fetched 8 users on page 1 of 4
2026-07-22 14:51:25 [http-nio-8080-exec-9] INFO  c.e.Docgen_Backend.config.JwtFilter - JWT validated successfully for userId=6a311365ec2c34f3d9e4f06e
2026-07-22 14:51:25 [http-nio-8080-exec-9] INFO  c.e.D.controller.UserController - GET /api/v2/users - Fetch all users request received | page=0, size=8, sortBy=id, direction=desc
2026-07-22 14:51:28 [http-nio-8080-exec-9] INFO  c.e.D.controller.UserController - Fetched 8 users on page 0 of 4
2026-07-22 14:51:32 [http-nio-8080-exec-4] INFO  c.e.Docgen_Backend.config.JwtFilter - JWT validated successfully for userId=6a311365ec2c34f3d9e4f06e
2026-07-22 14:51:32 [http-nio-8080-exec-4] INFO  c.e.D.controller.UserController - GET /api/v2/users/32 - Fetch request received
2026-07-22 14:51:32 [http-nio-8080-exec-4] INFO  c.e.D.service.impl.UserServiceImpl - Fetching user profile for edit | userId=32
2026-07-22 14:51:32 [http-nio-8080-exec-4] DEBUG c.e.D.service.impl.UserServiceImpl - User found | userId=32 | employeeId=PSCS836
2026-07-22 14:51:32 [http-nio-8080-exec-4] INFO  c.e.D.service.impl.UserServiceImpl - User profile fetched successfully | userId=32 | timeTaken=590ms
2026-07-22 14:51:32 [http-nio-8080-exec-4] INFO  c.e.D.controller.UserController - Profile fetched successfully for userId=32
2026-07-22 14:51:32 [http-nio-8080-exec-4] DEBUG c.e.D.controller.UserController - Fetched profile data: UserProfileResponseDTO(id=32, employeeName=Prashant Kiran Yadav, employeeId=PSCS836, email=yprashantkiran@gmail.com, mobileNo=8446861516, joiningDesignation=Jr. Software Test Engineer, currentDesignation=Software Test Engineer, department=IT, company=PSCS, identity=MR, pfType=WITHOUT_PF, accountNo=369201504327, bankName=ICICI Bank, currentAddress=Dhumal mala, near theur phata, Kunjirwadi, Pune -412201, permanentAddress=Dhumal mala, near theur phata, Kunjirwadi, Pune -412201, joiningCTC=366000.0, currentCTC=547176.0, dateOfBirth=1988-06-10, offerDate=2022-08-03, joiningDate=2022-09-06, panNo=AFLPY4911L, documents={APPOINTMENT_LETTER=DocumentResponseDTO(generated=false, data=null), INTERNSHIP_LETTER=DocumentResponseDTO(generated=false, data=null), EXPERIENCE_LETTER=DocumentResponseDTO(generated=false, data=null), FULL_AND_FINAL=DocumentResponseDTO(generated=false, data=null), CONFIRMATION_LETTER=DocumentResponseDTO(generated=false, data=null), INCREMENT_LETTER=DocumentResponseDTO(generated=true, data={issueDate=2025-04-01}), RELIEVING_LETTER=DocumentResponseDTO(generated=false, data=null), SALARY_SLIP=DocumentResponseDTO(generated=true, data={startMonth=2026-04, endMonth=2026-06}), COMPLETION_LETTER=DocumentResponseDTO(generated=false, data=null), OFFER_LETTER=DocumentResponseDTO(generated=true, data={issueDate=2022-08-03, probationPeriod=3})})
2026-07-22 14:51:32 [http-nio-8080-exec-3] INFO  c.e.Docgen_Backend.config.JwtFilter - JWT validated successfully for userId=6a311365ec2c34f3d9e4f06e
2026-07-22 14:51:32 [http-nio-8080-exec-3] INFO  c.e.D.controller.UserController - GET /api/v2/users/32 - Fetch request received
2026-07-22 14:51:32 [http-nio-8080-exec-3] INFO  c.e.D.service.impl.UserServiceImpl - Fetching user profile for edit | userId=32
2026-07-22 14:51:33 [http-nio-8080-exec-3] DEBUG c.e.D.service.impl.UserServiceImpl - User found | userId=32 | employeeId=PSCS836
2026-07-22 14:51:33 [http-nio-8080-exec-3] INFO  c.e.D.service.impl.UserServiceImpl - User profile fetched successfully | userId=32 | timeTaken=498ms
2026-07-22 14:51:33 [http-nio-8080-exec-3] INFO  c.e.D.controller.UserController - Profile fetched successfully for userId=32
2026-07-22 14:51:33 [http-nio-8080-exec-3] DEBUG c.e.D.controller.UserController - Fetched profile data: UserProfileResponseDTO(id=32, employeeName=Prashant Kiran Yadav, employeeId=PSCS836, email=yprashantkiran@gmail.com, mobileNo=8446861516, joiningDesignation=Jr. Software Test Engineer, currentDesignation=Software Test Engineer, department=IT, company=PSCS, identity=MR, pfType=WITHOUT_PF, accountNo=369201504327, bankName=ICICI Bank, currentAddress=Dhumal mala, near theur phata, Kunjirwadi, Pune -412201, permanentAddress=Dhumal mala, near theur phata, Kunjirwadi, Pune -412201, joiningCTC=366000.0, currentCTC=547176.0, dateOfBirth=1988-06-10, offerDate=2022-08-03, joiningDate=2022-09-06, panNo=AFLPY4911L, documents={APPOINTMENT_LETTER=DocumentResponseDTO(generated=false, data=null), INTERNSHIP_LETTER=DocumentResponseDTO(generated=false, data=null), EXPERIENCE_LETTER=DocumentResponseDTO(generated=false, data=null), FULL_AND_FINAL=DocumentResponseDTO(generated=false, data=null), CONFIRMATION_LETTER=DocumentResponseDTO(generated=false, data=null), INCREMENT_LETTER=DocumentResponseDTO(generated=true, data={issueDate=2025-04-01}), RELIEVING_LETTER=DocumentResponseDTO(generated=false, data=null), SALARY_SLIP=DocumentResponseDTO(generated=true, data={startMonth=2026-04, endMonth=2026-06}), COMPLETION_LETTER=DocumentResponseDTO(generated=false, data=null), OFFER_LETTER=DocumentResponseDTO(generated=true, data={issueDate=2022-08-03, probationPeriod=3})})
2026-07-22 14:52:11 [http-nio-8080-exec-7] INFO  c.e.Docgen_Backend.config.JwtFilter - JWT validated successfully for userId=6a311365ec2c34f3d9e4f06e
2026-07-22 14:52:11 [http-nio-8080-exec-7] INFO  c.e.D.controller.UserController - PATCH /api/v2/users/32 - Update request received for employeeId=PSCS836
2026-07-22 14:52:11 [http-nio-8080-exec-7] DEBUG c.e.D.controller.UserController - Update payload: CreateProfileRequest(employeeName=Prashant Kiran Yadav, email=yprashantkiran@gmail.com, mobileNo=8446861516, employeeId=PSCS836, joiningDesignation=Jr. Software Test Engineer, currentDesignation=Software Test Engineer, department=IT, currentAddress=Dhumal mala, near theur phata, Kunjirwadi, Pune -412201, permanentAddress=Dhumal mala, near theur phata, Kunjirwadi, Pune -412201, accountNo=369201504327, bankName=ICICI Bank, joiningCTC=366000.0, currentCTC=547176.0, dateOfBirth=1988-06-10, offerDate=2022-08-03, joiningDate=2022-09-06, panNo=AFLPY4911L, company=PSCS, pfType=WITHOUT_PF, identity=MR, documents=[INCREMENT_LETTER, SALARY_SLIP, OFFER_LETTER], documentData={OFFER_LETTER={issueDate=2022-08-03, probationPeriod=3}, INCREMENT_LETTER={issueDate=2025-04-01}, SALARY_SLIP={startMonth=2026-04, endMonth=2026-06, salaryWorkdays={2026-04=30, 2026-05=31, 2026-06=30}}})
2026-07-22 14:52:11 [http-nio-8080-exec-7] INFO  c.e.D.service.impl.UserServiceImpl - Updating user profile | userId=32 | employeeId=PSCS836
2026-07-22 14:52:11 [http-nio-8080-exec-7] WARN  com.zaxxer.hikari.pool.PoolBase - HikariPool-1 - Failed to validate connection com.mysql.cj.jdbc.ConnectionImpl@2144e615 (No operations allowed after connection closed.). Possibly consider using a shorter maxLifetime value.
2026-07-22 14:52:11 [http-nio-8080-exec-7] WARN  com.zaxxer.hikari.pool.PoolBase - HikariPool-1 - Failed to validate connection com.mysql.cj.jdbc.ConnectionImpl@2bd6b933 (No operations allowed after connection closed.). Possibly consider using a shorter maxLifetime value.
2026-07-22 14:52:11 [http-nio-8080-exec-7] WARN  com.zaxxer.hikari.pool.PoolBase - HikariPool-1 - Failed to validate connection com.mysql.cj.jdbc.ConnectionImpl@486c2eee (No operations allowed after connection closed.). Possibly consider using a shorter maxLifetime value.
2026-07-22 14:52:13 [http-nio-8080-exec-7] DEBUG c.e.D.service.impl.UserServiceImpl - Existing user fetched | userId=32 | oldEmployeeId=PSCS836
2026-07-22 14:52:13 [http-nio-8080-exec-7] DEBUG c.e.D.service.impl.UserServiceImpl - Updating documents | userId=32
2026-07-22 14:52:13 [http-nio-8080-exec-7] INFO  c.e.D.service.impl.UserServiceImpl - User profile updated successfully | userId=32 | timeTaken=1995ms
2026-07-22 14:52:13 [http-nio-8080-exec-7] INFO  c.e.D.controller.UserController - Profile updated successfully for userId=32, employeeId=PSCS836
2026-07-22 14:52:51 [http-nio-8080-exec-8] INFO  c.e.Docgen_Backend.config.JwtFilter - JWT validated successfully for userId=6a311365ec2c34f3d9e4f06e
2026-07-22 14:52:51 [http-nio-8080-exec-8] INFO  c.e.D.controller.UserController - PATCH /api/v2/users/32 - Update request received for employeeId=PSCS836
2026-07-22 14:52:51 [http-nio-8080-exec-8] DEBUG c.e.D.controller.UserController - Update payload: CreateProfileRequest(employeeName=Prashant Kiran Yadav, email=yprashantkiran@gmail.com, mobileNo=8446861516, employeeId=PSCS836, joiningDesignation=Jr. Software Test Engineer, currentDesignation=Software Test Engineer, department=IT, currentAddress=Dhumal mala, near theur phata, Kunjirwadi, Pune -412201, permanentAddress=Dhumal mala, near theur phata, Kunjirwadi, Pune -412201, accountNo=369201504327, bankName=ICICI Bank, joiningCTC=366000.0, currentCTC=547176.0, dateOfBirth=1988-06-10, offerDate=2022-08-03, joiningDate=2022-09-06, panNo=AFLPY4911L, company=PSCS, pfType=WITHOUT_PF, identity=MR, documents=[INCREMENT_LETTER, SALARY_SLIP, OFFER_LETTER], documentData={OFFER_LETTER={issueDate=2022-08-03, probationPeriod=3}, INCREMENT_LETTER={issueDate=2025-04-01}, SALARY_SLIP={startMonth=2026-04, endMonth=2026-06, salaryWorkdays={2026-04=30, 2026-05=31, 2026-06=30}}})
2026-07-22 14:52:51 [http-nio-8080-exec-8] INFO  c.e.D.service.impl.UserServiceImpl - Updating user profile | userId=32 | employeeId=PSCS836
2026-07-22 14:52:51 [http-nio-8080-exec-8] WARN  com.zaxxer.hikari.pool.PoolBase - HikariPool-1 - Failed to validate connection com.mysql.cj.jdbc.ConnectionImpl@600b82a4 (No operations allowed after connection closed.). Possibly consider using a shorter maxLifetime value.
2026-07-22 14:52:51 [http-nio-8080-exec-8] WARN  com.zaxxer.hikari.pool.PoolBase - HikariPool-1 - Failed to validate connection com.mysql.cj.jdbc.ConnectionImpl@5936f97f (No operations allowed after connection closed.). Possibly consider using a shorter maxLifetime value.
2026-07-22 14:52:51 [http-nio-8080-exec-8] WARN  com.zaxxer.hikari.pool.PoolBase - HikariPool-1 - Failed to validate connection com.mysql.cj.jdbc.ConnectionImpl@6d8f9664 (No operations allowed after connection closed.). Possibly consider using a shorter maxLifetime value.
2026-07-22 14:52:52 [http-nio-8080-exec-8] DEBUG c.e.D.service.impl.UserServiceImpl - Existing user fetched | userId=32 | oldEmployeeId=PSCS836
2026-07-22 14:52:52 [http-nio-8080-exec-8] DEBUG c.e.D.service.impl.UserServiceImpl - Updating documents | userId=32
2026-07-22 14:52:52 [http-nio-8080-exec-8] INFO  c.e.D.service.impl.UserServiceImpl - User profile updated successfully | userId=32 | timeTaken=1388ms
2026-07-22 14:52:52 [http-nio-8080-exec-8] INFO  c.e.D.controller.UserController - Profile updated successfully for userId=32, employeeId=PSCS836
2026-07-22 14:54:36 [HikariPool-1:housekeeper] WARN  com.zaxxer.hikari.pool.PoolBase - HikariPool-1 - Failed to validate connection com.mysql.cj.jdbc.ConnectionImpl@4e9a6fb7 (No operations allowed after connection closed.). Possibly consider using a shorter maxLifetime value.
2026-07-22 14:54:38 [HikariPool-1:housekeeper] WARN  com.zaxxer.hikari.pool.PoolBase - HikariPool-1 - Failed to validate connection com.mysql.cj.jdbc.ConnectionImpl@7f1e4442 (No operations allowed after connection closed.). Possibly consider using a shorter maxLifetime value.
2026-07-22 14:54:42 [HikariPool-1:housekeeper] WARN  com.zaxxer.hikari.pool.PoolBase - HikariPool-1 - Failed to validate connection com.mysql.cj.jdbc.ConnectionImpl@334fa6f1 (No operations allowed after connection closed.). Possibly consider using a shorter maxLifetime value.
2026-07-22 14:56:26 [http-nio-8080-exec-10] INFO  c.e.Docgen_Backend.config.JwtFilter - JWT validated successfully for userId=6a311365ec2c34f3d9e4f06e
2026-07-22 14:56:26 [http-nio-8080-exec-10] INFO  c.e.D.controller.UserController - PATCH /api/v2/users/32 - Update request received for employeeId=PSCS836
2026-07-22 14:56:26 [http-nio-8080-exec-10] DEBUG c.e.D.controller.UserController - Update payload: CreateProfileRequest(employeeName=Prashant Kiran Yadav, email=yprashantkiran@gmail.com, mobileNo=8446861516, employeeId=PSCS836, joiningDesignation=Jr. Software Test Engineer, currentDesignation=Software Test Engineer, department=IT, currentAddress=Dhumal mala, near theur phata, Kunjirwadi, Pune -412201, permanentAddress=Dhumal mala, near theur phata, Kunjirwadi, Pune -412201, accountNo=369201504327, bankName=ICICI Bank, joiningCTC=366000.0, currentCTC=547176.0, dateOfBirth=1988-06-10, offerDate=2022-08-03, joiningDate=2022-09-06, panNo=AFLPY4911L, company=PSCS, pfType=WITHOUT_PF, identity=MR, documents=[INCREMENT_LETTER, SALARY_SLIP, OFFER_LETTER], documentData={OFFER_LETTER={issueDate=2022-08-03, probationPeriod=3}, INCREMENT_LETTER={issueDate=2025-04-01}, SALARY_SLIP={startMonth=2026-04, endMonth=2026-06, salaryWorkdays={2026-04=30, 2026-05=31, 2026-06=30}}})
2026-07-22 14:56:26 [http-nio-8080-exec-10] INFO  c.e.D.service.impl.UserServiceImpl - Updating user profile | userId=32 | employeeId=PSCS836
2026-07-22 14:56:26 [http-nio-8080-exec-10] WARN  com.zaxxer.hikari.pool.PoolBase - HikariPool-1 - Failed to validate connection com.mysql.cj.jdbc.ConnectionImpl@101e3b56 (No operations allowed after connection closed.). Possibly consider using a shorter maxLifetime value.
2026-07-22 14:56:26 [http-nio-8080-exec-10] WARN  com.zaxxer.hikari.pool.PoolBase - HikariPool-1 - Failed to validate connection com.mysql.cj.jdbc.ConnectionImpl@33db7249 (No operations allowed after connection closed.). Possibly consider using a shorter maxLifetime value.
2026-07-22 14:56:27 [http-nio-8080-exec-10] DEBUG c.e.D.service.impl.UserServiceImpl - Existing user fetched | userId=32 | oldEmployeeId=PSCS836
2026-07-22 14:56:27 [http-nio-8080-exec-10] DEBUG c.e.D.service.impl.UserServiceImpl - Updating documents | userId=32
2026-07-22 14:56:27 [http-nio-8080-exec-10] INFO  c.e.D.service.impl.UserServiceImpl - User profile updated successfully | userId=32 | timeTaken=554ms
2026-07-22 14:56:27 [http-nio-8080-exec-10] INFO  c.e.D.controller.UserController - Profile updated successfully for userId=32, employeeId=PSCS836
2026-07-22 14:58:04 [HikariPool-1:housekeeper] WARN  com.zaxxer.hikari.pool.PoolBase - HikariPool-1 - Failed to validate connection com.mysql.cj.jdbc.ConnectionImpl@2eb590f8 (No operations allowed after connection closed.). Possibly consider using a shorter maxLifetime value.
2026-07-22 14:58:09 [HikariPool-1:housekeeper] WARN  com.zaxxer.hikari.pool.PoolBase - HikariPool-1 - Failed to validate connection com.mysql.cj.jdbc.ConnectionImpl@667df745 (No operations allowed after connection closed.). Possibly consider using a shorter maxLifetime value.
2026-07-22 14:58:23 [HikariPool-1:housekeeper] WARN  com.zaxxer.hikari.pool.PoolBase - HikariPool-1 - Failed to validate connection com.mysql.cj.jdbc.ConnectionImpl@284bad55 (No operations allowed after connection closed.). Possibly consider using a shorter maxLifetime value.
2026-07-22 14:59:05 [SpringApplicationShutdownHook] INFO  o.s.boot.tomcat.GracefulShutdown - Commencing graceful shutdown. Waiting for active requests to complete
2026-07-22 14:59:05 [tomcat-shutdown] INFO  o.s.boot.tomcat.GracefulShutdown - Graceful shutdown complete
2026-07-22 14:59:05 [SpringApplicationShutdownHook] INFO  o.s.o.j.LocalContainerEntityManagerFactoryBean - Closing JPA EntityManagerFactory for persistence unit 'default'
2026-07-22 14:59:05 [SpringApplicationShutdownHook] INFO  com.zaxxer.hikari.HikariDataSource - HikariPool-1 - Shutdown initiated...
2026-07-22 14:59:05 [SpringApplicationShutdownHook] INFO  com.zaxxer.hikari.HikariDataSource - HikariPool-1 - Shutdown completed.
2026-07-22 14:59:08 [background-preinit] INFO  o.h.validator.internal.util.Version - HV000001: Hibernate Validator 9.0.1.Final
2026-07-22 14:59:08 [restartedMain] INFO  c.e.D.DocgenBackendApplication - Starting DocgenBackendApplication using Java 21.0.9 with PID 4840 (E:\DocGen New Front V2\Docgen-Backend\target\classes started by prath in E:\DocGen New Front V2\Docgen-Backend)
2026-07-22 14:59:08 [restartedMain] DEBUG c.e.D.DocgenBackendApplication - Running with Spring Boot v4.0.6, Spring v7.0.7
2026-07-22 14:59:08 [restartedMain] INFO  c.e.D.DocgenBackendApplication - No active profile set, falling back to 1 default profile: "default"
2026-07-22 14:59:08 [restartedMain] INFO  o.s.b.d.e.DevToolsPropertyDefaultsPostProcessor - Devtools property defaults active! Set 'spring.devtools.add-properties' to 'false' to disable
2026-07-22 14:59:08 [restartedMain] INFO  o.s.b.d.e.DevToolsPropertyDefaultsPostProcessor - For additional web related logging consider setting the 'logging.level.web' property to 'DEBUG'
2026-07-22 14:59:09 [restartedMain] INFO  o.s.d.r.c.RepositoryConfigurationDelegate - Bootstrapping Spring Data JPA repositories in DEFAULT mode.
2026-07-22 14:59:09 [restartedMain] INFO  o.s.d.r.c.RepositoryConfigurationDelegate - Finished Spring Data repository scanning in 48 ms. Found 3 JPA repository interfaces.
2026-07-22 14:59:09 [restartedMain] INFO  o.s.boot.tomcat.TomcatWebServer - Tomcat initialized with port 8080 (http)
2026-07-22 14:59:09 [restartedMain] INFO  o.a.coyote.http11.Http11NioProtocol - Initializing ProtocolHandler ["http-nio-8080"]
2026-07-22 14:59:09 [restartedMain] INFO  o.a.catalina.core.StandardService - Starting service [Tomcat]
2026-07-22 14:59:09 [restartedMain] INFO  o.a.catalina.core.StandardEngine - Starting Servlet engine: [Apache Tomcat/11.0.21]
2026-07-22 14:59:09 [restartedMain] INFO  o.s.b.w.c.s.WebApplicationContextInitializer - Root WebApplicationContext: initialization completed in 1519 ms
2026-07-22 14:59:09 [restartedMain] DEBUG c.e.Docgen_Backend.config.JwtFilter - Filter 'jwtFilter' configured for use
2026-07-22 14:59:10 [restartedMain] INFO  org.hibernate.orm.jpa - HHH008540: Processing PersistenceUnitInfo [name: default]
2026-07-22 14:59:10 [restartedMain] INFO  org.hibernate.orm.core - HHH000001: Hibernate ORM core version 7.2.12.Final
2026-07-22 14:59:10 [restartedMain] INFO  o.s.o.j.p.SpringPersistenceUnitInfo - No LoadTimeWeaver setup: ignoring JPA class transformer
2026-07-22 14:59:10 [restartedMain] INFO  com.zaxxer.hikari.HikariDataSource - HikariPool-1 - Starting...
2026-07-22 14:59:11 [restartedMain] INFO  com.zaxxer.hikari.pool.HikariPool - HikariPool-1 - Added connection com.mysql.cj.jdbc.ConnectionImpl@eea6c27
2026-07-22 14:59:11 [restartedMain] INFO  com.zaxxer.hikari.HikariDataSource - HikariPool-1 - Start completed.
2026-07-22 14:59:11 [restartedMain] WARN  org.hibernate.orm.jdbc - HHH100045: Could not obtain connection metadata: java.sql.SQLSyntaxErrorException: Unknown column 'RESERVED' in 'WHERE'
2026-07-22 14:59:11 [restartedMain] WARN  org.hibernate.orm.deprecation - HHH90000025: MySQLDialect does not need to be specified explicitly using 'hibernate.dialect' (remove the property setting and it will be selected by default)
2026-07-22 14:59:11 [restartedMain] INFO  o.hibernate.orm.connections.pooling - HHH10001005: Database info:
	Database JDBC URL [undefined/unknown]
	Database driver: undefined/unknown
	Database dialect: MySQLDialect
	Database version: 8.0
	Default catalog/schema: unknown/unknown
	Autocommit mode: undefined/unknown
	Isolation level: NONE [default NONE]
	JDBC fetch size: undefined/unknown
	Pool: DataSourceConnectionProvider
	Minimum pool size: undefined/unknown
	Maximum pool size: undefined/unknown
2026-07-22 14:59:12 [restartedMain] INFO  org.hibernate.orm.core - HHH000489: No JTA platform available (set 'hibernate.transaction.jta.platform' to enable JTA platform integration)
2026-07-22 14:59:25 [restartedMain] INFO  o.s.o.j.LocalContainerEntityManagerFactoryBean - Initialized JPA EntityManagerFactory for persistence unit 'default'
2026-07-22 14:59:25 [restartedMain] INFO  o.s.d.j.r.q.QueryEnhancerFactories - Hibernate is in classpath; If applicable, HQL parser will be used.
2026-07-22 14:59:25 [restartedMain] INFO  o.s.s.c.a.a.c.InitializeUserDetailsBeanManagerConfigurer$InitializeUserDetailsManagerConfigurer - Global AuthenticationManager configured with UserDetailsService bean with name customUserDetailsService
2026-07-22 14:59:25 [restartedMain] WARN  o.s.b.j.a.JpaBaseConfiguration$JpaWebConfiguration - spring.jpa.open-in-view is enabled by default. Therefore, database queries may be performed during view rendering. Explicitly configure spring.jpa.open-in-view to disable this warning
2026-07-22 14:59:25 [restartedMain] INFO  o.s.boot.tomcat.TomcatWebServer - Tomcat started on port 8080 (http) with context path '/'
2026-07-22 14:59:25 [restartedMain] INFO  c.e.D.DocgenBackendApplication - Started DocgenBackendApplication in 18.003 seconds (process running for 18.629)
2026-07-22 14:59:25 [SpringApplicationShutdownHook] INFO  o.s.boot.tomcat.GracefulShutdown - Commencing graceful shutdown. Waiting for active requests to complete
2026-07-22 14:59:25 [tomcat-shutdown] INFO  o.s.boot.tomcat.GracefulShutdown - Graceful shutdown complete
2026-07-22 14:59:25 [SpringApplicationShutdownHook] INFO  o.s.o.j.LocalContainerEntityManagerFactoryBean - Closing JPA EntityManagerFactory for persistence unit 'default'
2026-07-22 14:59:25 [SpringApplicationShutdownHook] INFO  com.zaxxer.hikari.HikariDataSource - HikariPool-1 - Shutdown initiated...
2026-07-22 14:59:25 [SpringApplicationShutdownHook] INFO  com.zaxxer.hikari.HikariDataSource - HikariPool-1 - Shutdown completed.
