2026-07-13 20:39:15 [background-preinit] INFO  o.h.validator.internal.util.Version - HV000001: Hibernate Validator 9.0.1.Final
2026-07-13 20:39:15 [restartedMain] INFO  c.e.D.DocgenBackendApplication - Starting DocgenBackendApplication using Java 21.0.9 with PID 2440 (E:\DocGen New Front V2\Docgen-Backend\target\classes started by prath in E:\DocGen New Front V2\Docgen-Backend)
2026-07-13 20:39:15 [restartedMain] DEBUG c.e.D.DocgenBackendApplication - Running with Spring Boot v4.0.6, Spring v7.0.7
2026-07-13 20:39:15 [restartedMain] INFO  c.e.D.DocgenBackendApplication - No active profile set, falling back to 1 default profile: "default"
2026-07-13 20:39:16 [restartedMain] INFO  o.s.b.d.e.DevToolsPropertyDefaultsPostProcessor - Devtools property defaults active! Set 'spring.devtools.add-properties' to 'false' to disable
2026-07-13 20:39:16 [restartedMain] INFO  o.s.b.d.e.DevToolsPropertyDefaultsPostProcessor - For additional web related logging consider setting the 'logging.level.web' property to 'DEBUG'
2026-07-13 20:39:16 [restartedMain] INFO  o.s.d.r.c.RepositoryConfigurationDelegate - Bootstrapping Spring Data JPA repositories in DEFAULT mode.
2026-07-13 20:39:16 [restartedMain] INFO  o.s.d.r.c.RepositoryConfigurationDelegate - Finished Spring Data repository scanning in 43 ms. Found 2 JPA repository interfaces.
2026-07-13 20:39:17 [restartedMain] INFO  o.s.boot.tomcat.TomcatWebServer - Tomcat initialized with port 8080 (http)
2026-07-13 20:39:17 [restartedMain] INFO  o.a.coyote.http11.Http11NioProtocol - Initializing ProtocolHandler ["http-nio-8080"]
2026-07-13 20:39:17 [restartedMain] INFO  o.a.catalina.core.StandardService - Starting service [Tomcat]
2026-07-13 20:39:17 [restartedMain] INFO  o.a.catalina.core.StandardEngine - Starting Servlet engine: [Apache Tomcat/11.0.21]
2026-07-13 20:39:17 [restartedMain] INFO  o.s.b.w.c.s.WebApplicationContextInitializer - Root WebApplicationContext: initialization completed in 1291 ms
2026-07-13 20:39:17 [restartedMain] DEBUG c.e.Docgen_Backend.config.JwtFilter - Filter 'jwtFilter' configured for use
2026-07-13 20:39:17 [restartedMain] INFO  org.hibernate.orm.jpa - HHH008540: Processing PersistenceUnitInfo [name: default]
2026-07-13 20:39:17 [restartedMain] INFO  org.hibernate.orm.core - HHH000001: Hibernate ORM core version 7.2.12.Final
2026-07-13 20:39:17 [restartedMain] INFO  o.s.o.j.p.SpringPersistenceUnitInfo - No LoadTimeWeaver setup: ignoring JPA class transformer
2026-07-13 20:39:17 [restartedMain] INFO  com.zaxxer.hikari.HikariDataSource - HikariPool-1 - Starting...
2026-07-13 20:39:18 [restartedMain] INFO  com.zaxxer.hikari.pool.HikariPool - HikariPool-1 - Added connection com.mysql.cj.jdbc.ConnectionImpl@3215dac9
2026-07-13 20:39:18 [restartedMain] INFO  com.zaxxer.hikari.HikariDataSource - HikariPool-1 - Start completed.
2026-07-13 20:39:19 [restartedMain] WARN  org.hibernate.orm.jdbc - HHH100045: Could not obtain connection metadata: java.sql.SQLSyntaxErrorException: Unknown column 'RESERVED' in 'WHERE'
2026-07-13 20:39:19 [restartedMain] WARN  org.hibernate.orm.deprecation - HHH90000025: MySQLDialect does not need to be specified explicitly using 'hibernate.dialect' (remove the property setting and it will be selected by default)
2026-07-13 20:39:19 [restartedMain] INFO  o.hibernate.orm.connections.pooling - HHH10001005: Database info:
	Database JDBC URL [undefined/unknown]
	Database driver: undefined/unknown
	Database dialect: MySQLDialect
	Database version: 8.0
	Default catalog/schema: unknown/unknown
	Autocommit mode: undefined/unknown
	Isolation level: NONE [default NONE]
	JDBC fetch size: undefined/unknown
	Pool: DataSourceConnectionProvider
	Minimum pool size: undefined/unknown
	Maximum pool size: undefined/unknown
2026-07-13 20:39:20 [restartedMain] INFO  org.hibernate.orm.core - HHH000489: No JTA platform available (set 'hibernate.transaction.jta.platform' to enable JTA platform integration)
2026-07-13 20:39:29 [restartedMain] INFO  o.s.o.j.LocalContainerEntityManagerFactoryBean - Initialized JPA EntityManagerFactory for persistence unit 'default'
2026-07-13 20:39:29 [restartedMain] INFO  o.s.d.j.r.q.QueryEnhancerFactories - Hibernate is in classpath; If applicable, HQL parser will be used.
2026-07-13 20:39:29 [restartedMain] INFO  o.s.s.c.a.a.c.InitializeUserDetailsBeanManagerConfigurer$InitializeUserDetailsManagerConfigurer - Global AuthenticationManager configured with UserDetailsService bean with name customUserDetailsService
2026-07-13 20:39:29 [restartedMain] WARN  o.s.b.j.a.JpaBaseConfiguration$JpaWebConfiguration - spring.jpa.open-in-view is enabled by default. Therefore, database queries may be performed during view rendering. Explicitly configure spring.jpa.open-in-view to disable this warning
2026-07-13 20:39:30 [restartedMain] INFO  o.a.coyote.http11.Http11NioProtocol - Starting ProtocolHandler ["http-nio-8080"]
2026-07-13 20:39:30 [restartedMain] INFO  o.s.boot.tomcat.TomcatWebServer - Tomcat started on port 8080 (http) with context path '/'
2026-07-13 20:39:30 [restartedMain] INFO  c.e.D.DocgenBackendApplication - Started DocgenBackendApplication in 14.872 seconds (process running for 15.482)
2026-07-13 20:39:56 [http-nio-8080-exec-3] INFO  o.a.c.c.C.[Tomcat].[localhost].[/] - Initializing Spring DispatcherServlet 'dispatcherServlet'
2026-07-13 20:39:56 [http-nio-8080-exec-3] INFO  o.s.web.servlet.DispatcherServlet - Initializing Servlet 'dispatcherServlet'
2026-07-13 20:39:56 [http-nio-8080-exec-3] INFO  o.s.web.servlet.DispatcherServlet - Completed initialization in 2 ms
2026-07-13 20:39:56 [http-nio-8080-exec-2] INFO  c.e.Docgen_Backend.config.JwtFilter - JWT validated successfully for userId=6a311365ec2c34f3d9e4f06e
2026-07-13 20:39:56 [http-nio-8080-exec-2] INFO  c.e.D.controller.UserController - GET /api/v2/users - Fetch all users request received | page=0, size=8, sortBy=id, direction=desc
2026-07-13 20:39:56 [http-nio-8080-exec-2] WARN  com.zaxxer.hikari.pool.PoolBase - HikariPool-1 - Failed to validate connection com.mysql.cj.jdbc.ConnectionImpl@3215dac9 (No operations allowed after connection closed.). Possibly consider using a shorter maxLifetime value.
2026-07-13 20:39:56 [http-nio-8080-exec-2] WARN  com.zaxxer.hikari.pool.PoolBase - HikariPool-1 - Failed to validate connection com.mysql.cj.jdbc.ConnectionImpl@66ec23af (No operations allowed after connection closed.). Possibly consider using a shorter maxLifetime value.
2026-07-13 20:39:56 [http-nio-8080-exec-2] WARN  com.zaxxer.hikari.pool.PoolBase - HikariPool-1 - Failed to validate connection com.mysql.cj.jdbc.ConnectionImpl@5c2d7b50 (No operations allowed after connection closed.). Possibly consider using a shorter maxLifetime value.
2026-07-13 20:40:00 [http-nio-8080-exec-2] INFO  c.e.D.controller.UserController - Fetched 8 users on page 0 of 2
2026-07-13 20:40:00 [http-nio-8080-exec-4] INFO  c.e.Docgen_Backend.config.JwtFilter - JWT validated successfully for userId=6a311365ec2c34f3d9e4f06e
2026-07-13 20:40:00 [http-nio-8080-exec-4] INFO  c.e.D.controller.UserController - GET /api/v2/users - Fetch all users request received | page=0, size=8, sortBy=id, direction=desc
2026-07-13 20:40:04 [http-nio-8080-exec-4] INFO  c.e.D.controller.UserController - Fetched 8 users on page 0 of 2
2026-07-13 20:41:35 [HikariPool-1:housekeeper] WARN  com.zaxxer.hikari.pool.PoolBase - HikariPool-1 - Failed to validate connection com.mysql.cj.jdbc.ConnectionImpl@50ab15f9 (No operations allowed after connection closed.). Possibly consider using a shorter maxLifetime value.
2026-07-13 20:41:38 [HikariPool-1:housekeeper] WARN  com.zaxxer.hikari.pool.PoolBase - HikariPool-1 - Failed to validate connection com.mysql.cj.jdbc.ConnectionImpl@61b18144 (No operations allowed after connection closed.). Possibly consider using a shorter maxLifetime value.
2026-07-13 20:41:44 [HikariPool-1:housekeeper] WARN  com.zaxxer.hikari.pool.PoolBase - HikariPool-1 - Failed to validate connection com.mysql.cj.jdbc.ConnectionImpl@38882483 (No operations allowed after connection closed.). Possibly consider using a shorter maxLifetime value.
2026-07-13 20:43:21 [HikariPool-1:housekeeper] WARN  com.zaxxer.hikari.pool.PoolBase - HikariPool-1 - Failed to validate connection com.mysql.cj.jdbc.ConnectionImpl@370f2efe (No operations allowed after connection closed.). Possibly consider using a shorter maxLifetime value.
2026-07-13 20:43:26 [HikariPool-1:housekeeper] WARN  com.zaxxer.hikari.pool.PoolBase - HikariPool-1 - Failed to validate connection com.mysql.cj.jdbc.ConnectionImpl@238ca91e (No operations allowed after connection closed.). Possibly consider using a shorter maxLifetime value.
2026-07-13 20:45:09 [HikariPool-1:housekeeper] WARN  com.zaxxer.hikari.pool.PoolBase - HikariPool-1 - Failed to validate connection com.mysql.cj.jdbc.ConnectionImpl@34ca3683 (No operations allowed after connection closed.). Possibly consider using a shorter maxLifetime value.
2026-07-13 20:45:21 [HikariPool-1:housekeeper] WARN  com.zaxxer.hikari.pool.PoolBase - HikariPool-1 - Failed to validate connection com.mysql.cj.jdbc.ConnectionImpl@6921357d (No operations allowed after connection closed.). Possibly consider using a shorter maxLifetime value.
2026-07-13 20:46:48 [HikariPool-1:housekeeper] WARN  com.zaxxer.hikari.pool.PoolBase - HikariPool-1 - Failed to validate connection com.mysql.cj.jdbc.ConnectionImpl@4a38e057 (No operations allowed after connection closed.). Possibly consider using a shorter maxLifetime value.
2026-07-13 20:47:04 [HikariPool-1:housekeeper] WARN  com.zaxxer.hikari.pool.PoolBase - HikariPool-1 - Failed to validate connection com.mysql.cj.jdbc.ConnectionImpl@3481af51 (No operations allowed after connection closed.). Possibly consider using a shorter maxLifetime value.
2026-07-13 20:48:26 [HikariPool-1:housekeeper] WARN  com.zaxxer.hikari.pool.PoolBase - HikariPool-1 - Failed to validate connection com.mysql.cj.jdbc.ConnectionImpl@b8f0552 (No operations allowed after connection closed.). Possibly consider using a shorter maxLifetime value.
2026-07-13 20:48:46 [http-nio-8080-exec-7] INFO  c.e.Docgen_Backend.config.JwtFilter - JWT validated successfully for userId=6a311365ec2c34f3d9e4f06e
2026-07-13 20:48:46 [http-nio-8080-exec-7] INFO  c.e.D.controller.UserController - POST /api/v2/users/create-profile - Request received for employeeId=CTS0380
2026-07-13 20:48:46 [http-nio-8080-exec-7] DEBUG c.e.D.controller.UserController - Full request payload: CreateProfileRequest(employeeName=Sakshi Sunilrao Yeole, email=ssy290489@gmail.com, mobileNo=9579080633, employeeId=CTS0380, joiningDesignation=Data Analyst, currentDesignation=Data Analyst, department=Information Technology, currentAddress=W/o Ankush Belpande, D-603, Santosh Dreams, Ravet, Pune – 412101, permanentAddress=null, accountNo=2601235318269640, bankName=AU SMALL FINANCE BANK, joiningCTC=850000.0, currentCTC=850000.0, dateOfBirth=1995-10-05, offerDate=2025-10-09, joiningDate=2025-11-10, panNo=ASAPY2454L, company=CTS, pfType=WITH_PF, identity=MRS, documents=[SALARY_SLIP, OFFER_LETTER, EXPERIENCE_LETTER, RELIEVING_LETTER, INCREMENT_LETTER], documentData={OFFER_LETTER={issueDate=2025-10-09, probationPeriod=3}, INCREMENT_LETTER={issueDate=2026-04-01}, EXPERIENCE_LETTER={relievingDate=2026-07-10, issueDate=2026-07-10}, RELIEVING_LETTER={relievingDate=2026-07-10, issueDate=2026-07-10}, SALARY_SLIP={startMonth=2026-04, endMonth=2026-06, salaryWorkdays={2026-04=30, 2026-05=31, 2026-06=30}}})
2026-07-13 20:48:46 [http-nio-8080-exec-7] INFO  c.e.D.service.impl.UserServiceImpl - Creating user profile for employeeId=CTS0380
2026-07-13 20:48:46 [http-nio-8080-exec-7] DEBUG c.e.D.service.impl.UserServiceImpl - Validating request for employeeId=CTS0380
2026-07-13 20:48:47 [http-nio-8080-exec-7] WARN  com.zaxxer.hikari.pool.PoolBase - HikariPool-1 - Failed to validate connection com.mysql.cj.jdbc.ConnectionImpl@27ee7dfe (No operations allowed after connection closed.). Possibly consider using a shorter maxLifetime value.
2026-07-13 20:48:47 [http-nio-8080-exec-7] WARN  com.zaxxer.hikari.pool.PoolBase - HikariPool-1 - Failed to validate connection com.mysql.cj.jdbc.ConnectionImpl@612b6f89 (No operations allowed after connection closed.). Possibly consider using a shorter maxLifetime value.
2026-07-13 20:48:47 [http-nio-8080-exec-7] DEBUG c.e.D.service.impl.UserServiceImpl - Building UserProfile entity for employeeId=CTS0380
2026-07-13 20:48:47 [http-nio-8080-exec-7] INFO  c.e.D.service.impl.UserServiceImpl - Current Address : W/o Ankush Belpande, D-603, Santosh Dreams, Ravet, Pune – 412101
2026-07-13 20:48:47 [http-nio-8080-exec-7] INFO  c.e.D.service.impl.UserServiceImpl - Permanent Address : null
2026-07-13 20:48:47 [http-nio-8080-exec-7] INFO  c.e.D.service.impl.UserServiceImpl - Joining CTC : 850000.0
2026-07-13 20:48:47 [http-nio-8080-exec-7] INFO  c.e.D.service.impl.UserServiceImpl - Current CTC : 850000.0
2026-07-13 20:48:47 [http-nio-8080-exec-7] DEBUG c.e.D.service.impl.UserServiceImpl - Processing documents for employeeId=CTS0380 | documents=[SALARY_SLIP, OFFER_LETTER, EXPERIENCE_LETTER, RELIEVING_LETTER, INCREMENT_LETTER]
2026-07-13 20:48:47 [http-nio-8080-exec-7] DEBUG c.e.D.service.impl.UserServiceImpl - Saving user profile to database for employeeId=CTS0380
2026-07-13 20:48:47 [http-nio-8080-exec-7] INFO  c.e.D.service.impl.UserServiceImpl - User profile created successfully for employeeId=CTS0380
2026-07-13 20:48:47 [http-nio-8080-exec-7] INFO  c.e.D.controller.UserController - Profile created successfully for employeeId=CTS0380
2026-07-13 20:49:09 [http-nio-8080-exec-3] INFO  c.e.Docgen_Backend.config.JwtFilter - JWT validated successfully for userId=6a311365ec2c34f3d9e4f06e
2026-07-13 20:49:09 [http-nio-8080-exec-3] INFO  c.e.D.controller.UserController - GET /api/v2/users - Fetch all users request received | page=0, size=8, sortBy=id, direction=desc
2026-07-13 20:49:09 [http-nio-8080-exec-3] WARN  com.zaxxer.hikari.pool.PoolBase - HikariPool-1 - Failed to validate connection com.mysql.cj.jdbc.ConnectionImpl@5ad64c47 (No operations allowed after connection closed.). Possibly consider using a shorter maxLifetime value.
2026-07-13 20:49:09 [http-nio-8080-exec-3] WARN  com.zaxxer.hikari.pool.PoolBase - HikariPool-1 - Failed to validate connection com.mysql.cj.jdbc.ConnectionImpl@7b7ce5e0 (No operations allowed after connection closed.). Possibly consider using a shorter maxLifetime value.
2026-07-13 20:49:09 [http-nio-8080-exec-3] WARN  com.zaxxer.hikari.pool.PoolBase - HikariPool-1 - Failed to validate connection com.mysql.cj.jdbc.ConnectionImpl@798062c0 (No operations allowed after connection closed.). Possibly consider using a shorter maxLifetime value.
2026-07-13 20:49:15 [http-nio-8080-exec-3] INFO  c.e.D.controller.UserController - Fetched 8 users on page 0 of 2
2026-07-13 20:49:15 [http-nio-8080-exec-1] INFO  c.e.Docgen_Backend.config.JwtFilter - JWT validated successfully for userId=6a311365ec2c34f3d9e4f06e
2026-07-13 20:49:15 [http-nio-8080-exec-1] INFO  c.e.D.controller.UserController - GET /api/v2/users - Fetch all users request received | page=0, size=8, sortBy=id, direction=desc
2026-07-13 20:49:18 [http-nio-8080-exec-5] INFO  c.e.Docgen_Backend.config.JwtFilter - JWT validated successfully for userId=6a311365ec2c34f3d9e4f06e
2026-07-13 20:49:18 [http-nio-8080-exec-5] INFO  c.e.D.controller.UserController - GET /api/v2/users/20 - Fetch request received
2026-07-13 20:49:18 [http-nio-8080-exec-5] INFO  c.e.D.service.impl.UserServiceImpl - Fetching user profile for edit | userId=20
2026-07-13 20:49:19 [http-nio-8080-exec-5] DEBUG c.e.D.service.impl.UserServiceImpl - User found | userId=20 | employeeId=CTS0380
2026-07-13 20:49:19 [http-nio-8080-exec-5] INFO  c.e.D.service.impl.UserServiceImpl - User profile fetched successfully | userId=20 | timeTaken=866ms
2026-07-13 20:49:19 [http-nio-8080-exec-5] INFO  c.e.D.controller.UserController - Profile fetched successfully for userId=20
2026-07-13 20:49:19 [http-nio-8080-exec-5] DEBUG c.e.D.controller.UserController - Fetched profile data: UserProfileResponseDTO(id=20, employeeName=Sakshi Sunilrao Yeole, employeeId=CTS0380, email=ssy290489@gmail.com, mobileNo=9579080633, joiningDesignation=Data Analyst, currentDesignation=Data Analyst, department=Information Technology, company=CTS, identity=MRS, pfType=WITH_PF, accountNo=2601235318269640, bankName=AU SMALL FINANCE BANK, currentAddress=W/o Ankush Belpande, D-603, Santosh Dreams, Ravet, Pune – 412101, permanentAddress=null, joiningCTC=850000.0, currentCTC=850000.0, dateOfBirth=1995-10-05, offerDate=2025-10-09, joiningDate=2025-11-10, panNo=ASAPY2454L, documents={APPOINTMENT_LETTER=DocumentResponseDTO(generated=false, data=null), INTERNSHIP_LETTER=DocumentResponseDTO(generated=false, data=null), EXPERIENCE_LETTER=DocumentResponseDTO(generated=true, data={issueDate=2026-07-10, relievingDate=2026-07-10}), FULL_AND_FINAL=DocumentResponseDTO(generated=false, data=null), CONFIRMATION_LETTER=DocumentResponseDTO(generated=false, data=null), INCREMENT_LETTER=DocumentResponseDTO(generated=true, data={issueDate=2026-04-01}), RELIEVING_LETTER=DocumentResponseDTO(generated=true, data={issueDate=2026-07-10, relievingDate=2026-07-10}), SALARY_SLIP=DocumentResponseDTO(generated=true, data={startMonth=2026-04, endMonth=2026-06}), COMPLETION_LETTER=DocumentResponseDTO(generated=false, data=null), OFFER_LETTER=DocumentResponseDTO(generated=true, data={issueDate=2025-10-09, probationPeriod=3})})
2026-07-13 20:49:19 [http-nio-8080-exec-5] INFO  c.e.Docgen_Backend.config.JwtFilter - JWT validated successfully for userId=6a311365ec2c34f3d9e4f06e
2026-07-13 20:49:19 [http-nio-8080-exec-5] INFO  c.e.D.controller.UserController - GET /api/v2/users/20 - Fetch request received
2026-07-13 20:49:19 [http-nio-8080-exec-5] INFO  c.e.D.service.impl.UserServiceImpl - Fetching user profile for edit | userId=20
2026-07-13 20:49:20 [http-nio-8080-exec-5] DEBUG c.e.D.service.impl.UserServiceImpl - User found | userId=20 | employeeId=CTS0380
2026-07-13 20:49:20 [http-nio-8080-exec-5] INFO  c.e.D.service.impl.UserServiceImpl - User profile fetched successfully | userId=20 | timeTaken=785ms
2026-07-13 20:49:20 [http-nio-8080-exec-5] INFO  c.e.D.controller.UserController - Profile fetched successfully for userId=20
2026-07-13 20:49:20 [http-nio-8080-exec-5] DEBUG c.e.D.controller.UserController - Fetched profile data: UserProfileResponseDTO(id=20, employeeName=Sakshi Sunilrao Yeole, employeeId=CTS0380, email=ssy290489@gmail.com, mobileNo=9579080633, joiningDesignation=Data Analyst, currentDesignation=Data Analyst, department=Information Technology, company=CTS, identity=MRS, pfType=WITH_PF, accountNo=2601235318269640, bankName=AU SMALL FINANCE BANK, currentAddress=W/o Ankush Belpande, D-603, Santosh Dreams, Ravet, Pune – 412101, permanentAddress=null, joiningCTC=850000.0, currentCTC=850000.0, dateOfBirth=1995-10-05, offerDate=2025-10-09, joiningDate=2025-11-10, panNo=ASAPY2454L, documents={APPOINTMENT_LETTER=DocumentResponseDTO(generated=false, data=null), INTERNSHIP_LETTER=DocumentResponseDTO(generated=false, data=null), EXPERIENCE_LETTER=DocumentResponseDTO(generated=true, data={issueDate=2026-07-10, relievingDate=2026-07-10}), FULL_AND_FINAL=DocumentResponseDTO(generated=false, data=null), CONFIRMATION_LETTER=DocumentResponseDTO(generated=false, data=null), INCREMENT_LETTER=DocumentResponseDTO(generated=true, data={issueDate=2026-04-01}), RELIEVING_LETTER=DocumentResponseDTO(generated=true, data={issueDate=2026-07-10, relievingDate=2026-07-10}), SALARY_SLIP=DocumentResponseDTO(generated=true, data={startMonth=2026-04, endMonth=2026-06}), COMPLETION_LETTER=DocumentResponseDTO(generated=false, data=null), OFFER_LETTER=DocumentResponseDTO(generated=true, data={issueDate=2025-10-09, probationPeriod=3})})
2026-07-13 20:49:20 [http-nio-8080-exec-1] INFO  c.e.D.controller.UserController - Fetched 8 users on page 0 of 2
2026-07-13 20:50:50 [HikariPool-1:housekeeper] WARN  com.zaxxer.hikari.pool.PoolBase - HikariPool-1 - Failed to validate connection com.mysql.cj.jdbc.ConnectionImpl@7cff06ae (No operations allowed after connection closed.). Possibly consider using a shorter maxLifetime value.
2026-07-13 20:50:55 [HikariPool-1:housekeeper] WARN  com.zaxxer.hikari.pool.PoolBase - HikariPool-1 - Failed to validate connection com.mysql.cj.jdbc.ConnectionImpl@6cc0a4c8 (No operations allowed after connection closed.). Possibly consider using a shorter maxLifetime value.
2026-07-13 20:50:59 [HikariPool-1:housekeeper] WARN  com.zaxxer.hikari.pool.PoolBase - HikariPool-1 - Failed to validate connection com.mysql.cj.jdbc.ConnectionImpl@20a78066 (No operations allowed after connection closed.). Possibly consider using a shorter maxLifetime value.
2026-07-13 20:51:03 [HikariPool-1:housekeeper] WARN  com.zaxxer.hikari.pool.PoolBase - HikariPool-1 - Failed to validate connection com.mysql.cj.jdbc.ConnectionImpl@246938aa (No operations allowed after connection closed.). Possibly consider using a shorter maxLifetime value.
2026-07-13 20:51:15 [SpringApplicationShutdownHook] INFO  o.s.boot.tomcat.GracefulShutdown - Commencing graceful shutdown. Waiting for active requests to complete
2026-07-13 20:51:15 [tomcat-shutdown] INFO  o.s.boot.tomcat.GracefulShutdown - Graceful shutdown complete
2026-07-13 20:51:15 [SpringApplicationShutdownHook] INFO  o.s.o.j.LocalContainerEntityManagerFactoryBean - Closing JPA EntityManagerFactory for persistence unit 'default'
2026-07-13 20:51:15 [SpringApplicationShutdownHook] INFO  com.zaxxer.hikari.HikariDataSource - HikariPool-1 - Shutdown initiated...
2026-07-13 20:51:15 [SpringApplicationShutdownHook] INFO  com.zaxxer.hikari.HikariDataSource - HikariPool-1 - Shutdown completed.
