2026-07-14 16:42:37 [background-preinit] INFO  o.h.validator.internal.util.Version - HV000001: Hibernate Validator 9.0.1.Final
2026-07-14 16:42:37 [restartedMain] INFO  c.e.D.DocgenBackendApplication - Starting DocgenBackendApplication using Java 21.0.9 with PID 7092 (E:\DocGen New Front V2\Docgen-Backend\target\classes started by prath in E:\DocGen New Front V2\Docgen-Backend)
2026-07-14 16:42:37 [restartedMain] DEBUG c.e.D.DocgenBackendApplication - Running with Spring Boot v4.0.6, Spring v7.0.7
2026-07-14 16:42:37 [restartedMain] INFO  c.e.D.DocgenBackendApplication - No active profile set, falling back to 1 default profile: "default"
2026-07-14 16:42:37 [restartedMain] INFO  o.s.b.d.e.DevToolsPropertyDefaultsPostProcessor - Devtools property defaults active! Set 'spring.devtools.add-properties' to 'false' to disable
2026-07-14 16:42:37 [restartedMain] INFO  o.s.b.d.e.DevToolsPropertyDefaultsPostProcessor - For additional web related logging consider setting the 'logging.level.web' property to 'DEBUG'
2026-07-14 16:42:38 [restartedMain] INFO  o.s.d.r.c.RepositoryConfigurationDelegate - Bootstrapping Spring Data JPA repositories in DEFAULT mode.
2026-07-14 16:42:38 [restartedMain] INFO  o.s.d.r.c.RepositoryConfigurationDelegate - Finished Spring Data repository scanning in 44 ms. Found 2 JPA repository interfaces.
2026-07-14 16:42:38 [restartedMain] INFO  o.s.boot.tomcat.TomcatWebServer - Tomcat initialized with port 8080 (http)
2026-07-14 16:42:38 [restartedMain] INFO  o.a.coyote.http11.Http11NioProtocol - Initializing ProtocolHandler ["http-nio-8080"]
2026-07-14 16:42:38 [restartedMain] INFO  o.a.catalina.core.StandardService - Starting service [Tomcat]
2026-07-14 16:42:38 [restartedMain] INFO  o.a.catalina.core.StandardEngine - Starting Servlet engine: [Apache Tomcat/11.0.21]
2026-07-14 16:42:38 [restartedMain] INFO  o.s.b.w.c.s.WebApplicationContextInitializer - Root WebApplicationContext: initialization completed in 1286 ms
2026-07-14 16:42:38 [restartedMain] DEBUG c.e.Docgen_Backend.config.JwtFilter - Filter 'jwtFilter' configured for use
2026-07-14 16:42:38 [restartedMain] INFO  org.hibernate.orm.jpa - HHH008540: Processing PersistenceUnitInfo [name: default]
2026-07-14 16:42:38 [restartedMain] INFO  org.hibernate.orm.core - HHH000001: Hibernate ORM core version 7.2.12.Final
2026-07-14 16:42:39 [restartedMain] INFO  o.s.o.j.p.SpringPersistenceUnitInfo - No LoadTimeWeaver setup: ignoring JPA class transformer
2026-07-14 16:42:39 [restartedMain] INFO  com.zaxxer.hikari.HikariDataSource - HikariPool-1 - Starting...
2026-07-14 16:42:41 [restartedMain] INFO  com.zaxxer.hikari.pool.HikariPool - HikariPool-1 - Added connection com.mysql.cj.jdbc.ConnectionImpl@3215dac9
2026-07-14 16:42:41 [restartedMain] INFO  com.zaxxer.hikari.HikariDataSource - HikariPool-1 - Start completed.
2026-07-14 16:42:41 [restartedMain] WARN  org.hibernate.orm.jdbc - HHH100045: Could not obtain connection metadata: java.sql.SQLSyntaxErrorException: Unknown column 'RESERVED' in 'WHERE'
2026-07-14 16:42:41 [restartedMain] WARN  org.hibernate.orm.deprecation - HHH90000025: MySQLDialect does not need to be specified explicitly using 'hibernate.dialect' (remove the property setting and it will be selected by default)
2026-07-14 16:42:42 [restartedMain] INFO  o.hibernate.orm.connections.pooling - HHH10001005: Database info:
	Database JDBC URL [undefined/unknown]
	Database driver: undefined/unknown
	Database dialect: MySQLDialect
	Database version: 8.0
	Default catalog/schema: unknown/unknown
	Autocommit mode: undefined/unknown
	Isolation level: NONE [default NONE]
	JDBC fetch size: undefined/unknown
	Pool: DataSourceConnectionProvider
	Minimum pool size: undefined/unknown
	Maximum pool size: undefined/unknown
2026-07-14 16:42:43 [restartedMain] INFO  org.hibernate.orm.core - HHH000489: No JTA platform available (set 'hibernate.transaction.jta.platform' to enable JTA platform integration)
2026-07-14 16:42:53 [restartedMain] INFO  o.s.o.j.LocalContainerEntityManagerFactoryBean - Initialized JPA EntityManagerFactory for persistence unit 'default'
2026-07-14 16:42:54 [restartedMain] INFO  o.s.d.j.r.q.QueryEnhancerFactories - Hibernate is in classpath; If applicable, HQL parser will be used.
2026-07-14 16:42:54 [restartedMain] INFO  o.s.s.c.a.a.c.InitializeUserDetailsBeanManagerConfigurer$InitializeUserDetailsManagerConfigurer - Global AuthenticationManager configured with UserDetailsService bean with name customUserDetailsService
2026-07-14 16:42:54 [restartedMain] WARN  o.s.b.j.a.JpaBaseConfiguration$JpaWebConfiguration - spring.jpa.open-in-view is enabled by default. Therefore, database queries may be performed during view rendering. Explicitly configure spring.jpa.open-in-view to disable this warning
2026-07-14 16:42:54 [restartedMain] INFO  o.a.coyote.http11.Http11NioProtocol - Starting ProtocolHandler ["http-nio-8080"]
2026-07-14 16:42:54 [restartedMain] INFO  o.s.boot.tomcat.TomcatWebServer - Tomcat started on port 8080 (http) with context path '/'
2026-07-14 16:42:54 [restartedMain] INFO  c.e.D.DocgenBackendApplication - Started DocgenBackendApplication in 17.844 seconds (process running for 18.624)
2026-07-14 16:43:18 [http-nio-8080-exec-1] INFO  o.a.c.c.C.[Tomcat].[localhost].[/] - Initializing Spring DispatcherServlet 'dispatcherServlet'
2026-07-14 16:43:18 [http-nio-8080-exec-1] INFO  o.s.web.servlet.DispatcherServlet - Initializing Servlet 'dispatcherServlet'
2026-07-14 16:43:18 [http-nio-8080-exec-1] INFO  o.s.web.servlet.DispatcherServlet - Completed initialization in 2 ms
2026-07-14 16:43:18 [http-nio-8080-exec-3] INFO  c.e.Docgen_Backend.config.JwtFilter - JWT validated successfully for userId=6a311365ec2c34f3d9e4f06e
2026-07-14 16:43:18 [http-nio-8080-exec-3] INFO  c.e.D.controller.UserController - GET /api/v2/users - Fetch all users request received | page=0, size=8, sortBy=id, direction=desc
2026-07-14 16:43:18 [http-nio-8080-exec-3] WARN  com.zaxxer.hikari.pool.PoolBase - HikariPool-1 - Failed to validate connection com.mysql.cj.jdbc.ConnectionImpl@3215dac9 (No operations allowed after connection closed.). Possibly consider using a shorter maxLifetime value.
2026-07-14 16:43:18 [http-nio-8080-exec-3] WARN  com.zaxxer.hikari.pool.PoolBase - HikariPool-1 - Failed to validate connection com.mysql.cj.jdbc.ConnectionImpl@23b99e7c (No operations allowed after connection closed.). Possibly consider using a shorter maxLifetime value.
2026-07-14 16:43:18 [http-nio-8080-exec-3] WARN  com.zaxxer.hikari.pool.PoolBase - HikariPool-1 - Failed to validate connection com.mysql.cj.jdbc.ConnectionImpl@674cf0d6 (No operations allowed after connection closed.). Possibly consider using a shorter maxLifetime value.
2026-07-14 16:43:22 [http-nio-8080-exec-3] INFO  c.e.D.controller.UserController - Fetched 8 users on page 0 of 2
2026-07-14 16:43:23 [http-nio-8080-exec-4] INFO  c.e.Docgen_Backend.config.JwtFilter - JWT validated successfully for userId=6a311365ec2c34f3d9e4f06e
2026-07-14 16:43:23 [http-nio-8080-exec-4] INFO  c.e.D.controller.UserController - GET /api/v2/users - Fetch all users request received | page=0, size=8, sortBy=id, direction=desc
2026-07-14 16:43:26 [http-nio-8080-exec-4] INFO  c.e.D.controller.UserController - Fetched 8 users on page 0 of 2
2026-07-14 16:44:59 [HikariPool-1:housekeeper] WARN  com.zaxxer.hikari.pool.PoolBase - HikariPool-1 - Failed to validate connection com.mysql.cj.jdbc.ConnectionImpl@5a73ba33 (No operations allowed after connection closed.). Possibly consider using a shorter maxLifetime value.
2026-07-14 16:45:09 [HikariPool-1:housekeeper] WARN  com.zaxxer.hikari.pool.PoolBase - HikariPool-1 - Failed to validate connection com.mysql.cj.jdbc.ConnectionImpl@6be364f0 (No operations allowed after connection closed.). Possibly consider using a shorter maxLifetime value.
2026-07-14 16:45:15 [HikariPool-1:housekeeper] WARN  com.zaxxer.hikari.pool.PoolBase - HikariPool-1 - Failed to validate connection com.mysql.cj.jdbc.ConnectionImpl@3a5c457c (No operations allowed after connection closed.). Possibly consider using a shorter maxLifetime value.
2026-07-14 16:46:56 [HikariPool-1:housekeeper] WARN  com.zaxxer.hikari.pool.PoolBase - HikariPool-1 - Failed to validate connection com.mysql.cj.jdbc.ConnectionImpl@55e12af3 (No operations allowed after connection closed.). Possibly consider using a shorter maxLifetime value.
2026-07-14 16:47:04 [HikariPool-1:housekeeper] WARN  com.zaxxer.hikari.pool.PoolBase - HikariPool-1 - Failed to validate connection com.mysql.cj.jdbc.ConnectionImpl@3e121b81 (No operations allowed after connection closed.). Possibly consider using a shorter maxLifetime value.
2026-07-14 16:48:50 [HikariPool-1:housekeeper] WARN  com.zaxxer.hikari.pool.PoolBase - HikariPool-1 - Failed to validate connection com.mysql.cj.jdbc.ConnectionImpl@6fd2cf4e (No operations allowed after connection closed.). Possibly consider using a shorter maxLifetime value.
2026-07-14 16:48:53 [HikariPool-1:housekeeper] WARN  com.zaxxer.hikari.pool.PoolBase - HikariPool-1 - Failed to validate connection com.mysql.cj.jdbc.ConnectionImpl@492b2fed (No operations allowed after connection closed.). Possibly consider using a shorter maxLifetime value.
2026-07-14 16:50:36 [HikariPool-1:housekeeper] WARN  com.zaxxer.hikari.pool.PoolBase - HikariPool-1 - Failed to validate connection com.mysql.cj.jdbc.ConnectionImpl@3c0d78ad (No operations allowed after connection closed.). Possibly consider using a shorter maxLifetime value.
2026-07-14 16:50:37 [HikariPool-1:housekeeper] WARN  com.zaxxer.hikari.pool.PoolBase - HikariPool-1 - Failed to validate connection com.mysql.cj.jdbc.ConnectionImpl@7d5b112e (No operations allowed after connection closed.). Possibly consider using a shorter maxLifetime value.
2026-07-14 16:52:21 [HikariPool-1:housekeeper] WARN  com.zaxxer.hikari.pool.PoolBase - HikariPool-1 - Failed to validate connection com.mysql.cj.jdbc.ConnectionImpl@6d9f1d2f (No operations allowed after connection closed.). Possibly consider using a shorter maxLifetime value.
2026-07-14 16:52:24 [HikariPool-1:housekeeper] WARN  com.zaxxer.hikari.pool.PoolBase - HikariPool-1 - Failed to validate connection com.mysql.cj.jdbc.ConnectionImpl@1cbcd53c (No operations allowed after connection closed.). Possibly consider using a shorter maxLifetime value.
2026-07-14 16:53:58 [HikariPool-1:housekeeper] WARN  com.zaxxer.hikari.pool.PoolBase - HikariPool-1 - Failed to validate connection com.mysql.cj.jdbc.ConnectionImpl@394b65e4 (No operations allowed after connection closed.). Possibly consider using a shorter maxLifetime value.
2026-07-14 16:54:05 [HikariPool-1:housekeeper] WARN  com.zaxxer.hikari.pool.PoolBase - HikariPool-1 - Failed to validate connection com.mysql.cj.jdbc.ConnectionImpl@10d565f3 (No operations allowed after connection closed.). Possibly consider using a shorter maxLifetime value.
2026-07-14 16:55:52 [HikariPool-1:housekeeper] WARN  com.zaxxer.hikari.pool.PoolBase - HikariPool-1 - Failed to validate connection com.mysql.cj.jdbc.ConnectionImpl@83c7b06 (No operations allowed after connection closed.). Possibly consider using a shorter maxLifetime value.
2026-07-14 16:55:58 [HikariPool-1:housekeeper] WARN  com.zaxxer.hikari.pool.PoolBase - HikariPool-1 - Failed to validate connection com.mysql.cj.jdbc.ConnectionImpl@5cb60c3f (No operations allowed after connection closed.). Possibly consider using a shorter maxLifetime value.
2026-07-14 16:57:38 [HikariPool-1:housekeeper] WARN  com.zaxxer.hikari.pool.PoolBase - HikariPool-1 - Failed to validate connection com.mysql.cj.jdbc.ConnectionImpl@f04e6d2 (No operations allowed after connection closed.). Possibly consider using a shorter maxLifetime value.
2026-07-14 16:57:56 [HikariPool-1:housekeeper] WARN  com.zaxxer.hikari.pool.PoolBase - HikariPool-1 - Failed to validate connection com.mysql.cj.jdbc.ConnectionImpl@3ca9684b (No operations allowed after connection closed.). Possibly consider using a shorter maxLifetime value.
2026-07-14 16:59:28 [HikariPool-1:housekeeper] WARN  com.zaxxer.hikari.pool.PoolBase - HikariPool-1 - Failed to validate connection com.mysql.cj.jdbc.ConnectionImpl@2aae3d17 (No operations allowed after connection closed.). Possibly consider using a shorter maxLifetime value.
2026-07-14 16:59:38 [HikariPool-1:housekeeper] WARN  com.zaxxer.hikari.pool.PoolBase - HikariPool-1 - Failed to validate connection com.mysql.cj.jdbc.ConnectionImpl@1feeb1e4 (No operations allowed after connection closed.). Possibly consider using a shorter maxLifetime value.
2026-07-14 17:01:06 [HikariPool-1:housekeeper] WARN  com.zaxxer.hikari.pool.PoolBase - HikariPool-1 - Failed to validate connection com.mysql.cj.jdbc.ConnectionImpl@65a9cc69 (No operations allowed after connection closed.). Possibly consider using a shorter maxLifetime value.
2026-07-14 17:01:23 [HikariPool-1:housekeeper] WARN  com.zaxxer.hikari.pool.PoolBase - HikariPool-1 - Failed to validate connection com.mysql.cj.jdbc.ConnectionImpl@74970204 (No operations allowed after connection closed.). Possibly consider using a shorter maxLifetime value.
2026-07-14 17:02:28 [http-nio-8080-exec-9] INFO  c.e.Docgen_Backend.config.JwtFilter - JWT validated successfully for userId=6a311365ec2c34f3d9e4f06e
2026-07-14 17:02:28 [http-nio-8080-exec-9] INFO  c.e.D.controller.UserController - GET /api/v2/users - Fetch all users request received | page=0, size=8, sortBy=id, direction=desc
2026-07-14 17:02:28 [http-nio-8080-exec-9] WARN  com.zaxxer.hikari.pool.PoolBase - HikariPool-1 - Failed to validate connection com.mysql.cj.jdbc.ConnectionImpl@78b58678 (No operations allowed after connection closed.). Possibly consider using a shorter maxLifetime value.
2026-07-14 17:02:28 [http-nio-8080-exec-9] WARN  com.zaxxer.hikari.pool.PoolBase - HikariPool-1 - Failed to validate connection com.mysql.cj.jdbc.ConnectionImpl@18b456aa (No operations allowed after connection closed.). Possibly consider using a shorter maxLifetime value.
2026-07-14 17:02:33 [http-nio-8080-exec-9] INFO  c.e.D.controller.UserController - Fetched 8 users on page 0 of 2
2026-07-14 17:02:34 [http-nio-8080-exec-10] INFO  c.e.Docgen_Backend.config.JwtFilter - JWT validated successfully for userId=6a311365ec2c34f3d9e4f06e
2026-07-14 17:02:34 [http-nio-8080-exec-10] INFO  c.e.D.controller.UserController - GET /api/v2/users - Fetch all users request received | page=0, size=8, sortBy=id, direction=desc
2026-07-14 17:02:39 [http-nio-8080-exec-10] INFO  c.e.D.controller.UserController - Fetched 8 users on page 0 of 2
2026-07-14 17:02:42 [http-nio-8080-exec-3] INFO  c.e.Docgen_Backend.config.JwtFilter - JWT validated successfully for userId=6a311365ec2c34f3d9e4f06e
2026-07-14 17:02:42 [http-nio-8080-exec-3] INFO  c.e.D.controller.UserController - GET /api/v2/users/20 - Fetch request received
2026-07-14 17:02:42 [http-nio-8080-exec-3] INFO  c.e.D.service.impl.UserServiceImpl - Fetching user profile for edit | userId=20
2026-07-14 17:02:43 [http-nio-8080-exec-3] DEBUG c.e.D.service.impl.UserServiceImpl - User found | userId=20 | employeeId=CTS0380
2026-07-14 17:02:43 [http-nio-8080-exec-3] INFO  c.e.D.service.impl.UserServiceImpl - User profile fetched successfully | userId=20 | timeTaken=1343ms
2026-07-14 17:02:43 [http-nio-8080-exec-3] INFO  c.e.D.controller.UserController - Profile fetched successfully for userId=20
2026-07-14 17:02:43 [http-nio-8080-exec-3] DEBUG c.e.D.controller.UserController - Fetched profile data: UserProfileResponseDTO(id=20, employeeName=Sakshi Sunilrao Yeole, employeeId=CTS0380, email=ssy290489@gmail.com, mobileNo=9579080633, joiningDesignation=Data Analyst, currentDesignation=Data Analyst, department=Information Technology, company=CTS, identity=MRS, pfType=WITH_PF, accountNo=2601235318269640, bankName=AU SMALL FINANCE BANK, currentAddress=W/o Ankush Belpande, D-603, Santosh Dreams, Ravet, Pune – 412101, permanentAddress=null, joiningCTC=850000.0, currentCTC=850000.0, dateOfBirth=1995-10-05, offerDate=2025-10-09, joiningDate=2025-11-10, panNo=ASAPY2454L, documents={APPOINTMENT_LETTER=DocumentResponseDTO(generated=false, data=null), INTERNSHIP_LETTER=DocumentResponseDTO(generated=false, data=null), EXPERIENCE_LETTER=DocumentResponseDTO(generated=true, data={issueDate=2026-07-10, relievingDate=2026-07-10}), FULL_AND_FINAL=DocumentResponseDTO(generated=false, data=null), CONFIRMATION_LETTER=DocumentResponseDTO(generated=false, data=null), INCREMENT_LETTER=DocumentResponseDTO(generated=true, data={issueDate=2026-04-01}), RELIEVING_LETTER=DocumentResponseDTO(generated=true, data={issueDate=2026-07-10, relievingDate=2026-07-10}), SALARY_SLIP=DocumentResponseDTO(generated=true, data={startMonth=2026-04, endMonth=2026-06}), COMPLETION_LETTER=DocumentResponseDTO(generated=false, data=null), OFFER_LETTER=DocumentResponseDTO(generated=true, data={issueDate=2025-10-09, probationPeriod=3})})
2026-07-14 17:02:43 [http-nio-8080-exec-3] INFO  c.e.Docgen_Backend.config.JwtFilter - JWT validated successfully for userId=6a311365ec2c34f3d9e4f06e
2026-07-14 17:02:43 [http-nio-8080-exec-3] INFO  c.e.D.controller.UserController - GET /api/v2/users/20 - Fetch request received
2026-07-14 17:02:43 [http-nio-8080-exec-3] INFO  c.e.D.service.impl.UserServiceImpl - Fetching user profile for edit | userId=20
2026-07-14 17:02:44 [http-nio-8080-exec-3] DEBUG c.e.D.service.impl.UserServiceImpl - User found | userId=20 | employeeId=CTS0380
2026-07-14 17:02:44 [http-nio-8080-exec-3] INFO  c.e.D.service.impl.UserServiceImpl - User profile fetched successfully | userId=20 | timeTaken=851ms
2026-07-14 17:02:44 [http-nio-8080-exec-3] INFO  c.e.D.controller.UserController - Profile fetched successfully for userId=20
2026-07-14 17:02:44 [http-nio-8080-exec-3] DEBUG c.e.D.controller.UserController - Fetched profile data: UserProfileResponseDTO(id=20, employeeName=Sakshi Sunilrao Yeole, employeeId=CTS0380, email=ssy290489@gmail.com, mobileNo=9579080633, joiningDesignation=Data Analyst, currentDesignation=Data Analyst, department=Information Technology, company=CTS, identity=MRS, pfType=WITH_PF, accountNo=2601235318269640, bankName=AU SMALL FINANCE BANK, currentAddress=W/o Ankush Belpande, D-603, Santosh Dreams, Ravet, Pune – 412101, permanentAddress=null, joiningCTC=850000.0, currentCTC=850000.0, dateOfBirth=1995-10-05, offerDate=2025-10-09, joiningDate=2025-11-10, panNo=ASAPY2454L, documents={APPOINTMENT_LETTER=DocumentResponseDTO(generated=false, data=null), INTERNSHIP_LETTER=DocumentResponseDTO(generated=false, data=null), EXPERIENCE_LETTER=DocumentResponseDTO(generated=true, data={issueDate=2026-07-10, relievingDate=2026-07-10}), FULL_AND_FINAL=DocumentResponseDTO(generated=false, data=null), CONFIRMATION_LETTER=DocumentResponseDTO(generated=false, data=null), INCREMENT_LETTER=DocumentResponseDTO(generated=true, data={issueDate=2026-04-01}), RELIEVING_LETTER=DocumentResponseDTO(generated=true, data={issueDate=2026-07-10, relievingDate=2026-07-10}), SALARY_SLIP=DocumentResponseDTO(generated=true, data={startMonth=2026-04, endMonth=2026-06}), COMPLETION_LETTER=DocumentResponseDTO(generated=false, data=null), OFFER_LETTER=DocumentResponseDTO(generated=true, data={issueDate=2025-10-09, probationPeriod=3})})
2026-07-14 17:04:08 [HikariPool-1:housekeeper] WARN  com.zaxxer.hikari.pool.PoolBase - HikariPool-1 - Failed to validate connection com.mysql.cj.jdbc.ConnectionImpl@419d4a79 (No operations allowed after connection closed.). Possibly consider using a shorter maxLifetime value.
2026-07-14 17:04:20 [HikariPool-1:housekeeper] WARN  com.zaxxer.hikari.pool.PoolBase - HikariPool-1 - Failed to validate connection com.mysql.cj.jdbc.ConnectionImpl@74be80b1 (No operations allowed after connection closed.). Possibly consider using a shorter maxLifetime value.
2026-07-14 17:04:21 [HikariPool-1:housekeeper] WARN  com.zaxxer.hikari.pool.PoolBase - HikariPool-1 - Failed to validate connection com.mysql.cj.jdbc.ConnectionImpl@55633e97 (No operations allowed after connection closed.). Possibly consider using a shorter maxLifetime value.
2026-07-14 17:05:58 [HikariPool-1:housekeeper] WARN  com.zaxxer.hikari.pool.PoolBase - HikariPool-1 - Failed to validate connection com.mysql.cj.jdbc.ConnectionImpl@44133fc8 (No operations allowed after connection closed.). Possibly consider using a shorter maxLifetime value.
2026-07-14 17:06:16 [HikariPool-1:housekeeper] WARN  com.zaxxer.hikari.pool.PoolBase - HikariPool-1 - Failed to validate connection com.mysql.cj.jdbc.ConnectionImpl@90efa47 (No operations allowed after connection closed.). Possibly consider using a shorter maxLifetime value.
2026-07-14 17:07:51 [HikariPool-1:housekeeper] WARN  com.zaxxer.hikari.pool.PoolBase - HikariPool-1 - Failed to validate connection com.mysql.cj.jdbc.ConnectionImpl@18e5606a (No operations allowed after connection closed.). Possibly consider using a shorter maxLifetime value.
2026-07-14 17:08:12 [HikariPool-1:housekeeper] WARN  com.zaxxer.hikari.pool.PoolBase - HikariPool-1 - Failed to validate connection com.mysql.cj.jdbc.ConnectionImpl@6648fd01 (No operations allowed after connection closed.). Possibly consider using a shorter maxLifetime value.
2026-07-14 17:09:32 [HikariPool-1:housekeeper] WARN  com.zaxxer.hikari.pool.PoolBase - HikariPool-1 - Failed to validate connection com.mysql.cj.jdbc.ConnectionImpl@3ff1f223 (No operations allowed after connection closed.). Possibly consider using a shorter maxLifetime value.
2026-07-14 17:10:06 [HikariPool-1:housekeeper] WARN  com.zaxxer.hikari.pool.PoolBase - HikariPool-1 - Failed to validate connection com.mysql.cj.jdbc.ConnectionImpl@51d16812 (No operations allowed after connection closed.). Possibly consider using a shorter maxLifetime value.
2026-07-14 17:11:10 [HikariPool-1:housekeeper] WARN  com.zaxxer.hikari.pool.PoolBase - HikariPool-1 - Failed to validate connection com.mysql.cj.jdbc.ConnectionImpl@4c27214f (No operations allowed after connection closed.). Possibly consider using a shorter maxLifetime value.
2026-07-14 17:12:06 [HikariPool-1:housekeeper] WARN  com.zaxxer.hikari.pool.PoolBase - HikariPool-1 - Failed to validate connection com.mysql.cj.jdbc.ConnectionImpl@6752cabd (No operations allowed after connection closed.). Possibly consider using a shorter maxLifetime value.
2026-07-14 17:12:58 [HikariPool-1:housekeeper] WARN  com.zaxxer.hikari.pool.PoolBase - HikariPool-1 - Failed to validate connection com.mysql.cj.jdbc.ConnectionImpl@531c95e5 (No operations allowed after connection closed.). Possibly consider using a shorter maxLifetime value.
2026-07-14 17:13:46 [HikariPool-1:housekeeper] WARN  com.zaxxer.hikari.pool.PoolBase - HikariPool-1 - Failed to validate connection com.mysql.cj.jdbc.ConnectionImpl@52241403 (No operations allowed after connection closed.). Possibly consider using a shorter maxLifetime value.
2026-07-14 17:14:45 [HikariPool-1:housekeeper] WARN  com.zaxxer.hikari.pool.PoolBase - HikariPool-1 - Failed to validate connection com.mysql.cj.jdbc.ConnectionImpl@64ccca60 (No operations allowed after connection closed.). Possibly consider using a shorter maxLifetime value.
2026-07-14 17:15:29 [HikariPool-1:housekeeper] WARN  com.zaxxer.hikari.pool.PoolBase - HikariPool-1 - Failed to validate connection com.mysql.cj.jdbc.ConnectionImpl@24f5ac45 (No operations allowed after connection closed.). Possibly consider using a shorter maxLifetime value.
2026-07-14 17:16:30 [HikariPool-1:housekeeper] WARN  com.zaxxer.hikari.pool.PoolBase - HikariPool-1 - Failed to validate connection com.mysql.cj.jdbc.ConnectionImpl@3347875d (No operations allowed after connection closed.). Possibly consider using a shorter maxLifetime value.
2026-07-14 17:17:23 [HikariPool-1:housekeeper] WARN  com.zaxxer.hikari.pool.PoolBase - HikariPool-1 - Failed to validate connection com.mysql.cj.jdbc.ConnectionImpl@7561940f (No operations allowed after connection closed.). Possibly consider using a shorter maxLifetime value.
2026-07-14 17:18:30 [HikariPool-1:housekeeper] WARN  com.zaxxer.hikari.pool.PoolBase - HikariPool-1 - Failed to validate connection com.mysql.cj.jdbc.ConnectionImpl@1d08d2a6 (No operations allowed after connection closed.). Possibly consider using a shorter maxLifetime value.
2026-07-14 17:19:16 [HikariPool-1:housekeeper] WARN  com.zaxxer.hikari.pool.PoolBase - HikariPool-1 - Failed to validate connection com.mysql.cj.jdbc.ConnectionImpl@640dd203 (No operations allowed after connection closed.). Possibly consider using a shorter maxLifetime value.
2026-07-14 17:20:25 [HikariPool-1:housekeeper] WARN  com.zaxxer.hikari.pool.PoolBase - HikariPool-1 - Failed to validate connection com.mysql.cj.jdbc.ConnectionImpl@7be34383 (No operations allowed after connection closed.). Possibly consider using a shorter maxLifetime value.
2026-07-14 17:20:56 [HikariPool-1:housekeeper] WARN  com.zaxxer.hikari.pool.PoolBase - HikariPool-1 - Failed to validate connection com.mysql.cj.jdbc.ConnectionImpl@4391198c (No operations allowed after connection closed.). Possibly consider using a shorter maxLifetime value.
2026-07-14 17:22:23 [HikariPool-1:housekeeper] WARN  com.zaxxer.hikari.pool.PoolBase - HikariPool-1 - Failed to validate connection com.mysql.cj.jdbc.ConnectionImpl@2b65ff9a (No operations allowed after connection closed.). Possibly consider using a shorter maxLifetime value.
2026-07-14 17:22:45 [HikariPool-1:housekeeper] WARN  com.zaxxer.hikari.pool.PoolBase - HikariPool-1 - Failed to validate connection com.mysql.cj.jdbc.ConnectionImpl@1bb5868d (No operations allowed after connection closed.). Possibly consider using a shorter maxLifetime value.
2026-07-14 17:24:12 [HikariPool-1:housekeeper] WARN  com.zaxxer.hikari.pool.PoolBase - HikariPool-1 - Failed to validate connection com.mysql.cj.jdbc.ConnectionImpl@fd3f300 (No operations allowed after connection closed.). Possibly consider using a shorter maxLifetime value.
2026-07-14 17:24:34 [HikariPool-1:housekeeper] WARN  com.zaxxer.hikari.pool.PoolBase - HikariPool-1 - Failed to validate connection com.mysql.cj.jdbc.ConnectionImpl@75c83d62 (No operations allowed after connection closed.). Possibly consider using a shorter maxLifetime value.
2026-07-14 17:26:05 [HikariPool-1:housekeeper] WARN  com.zaxxer.hikari.pool.PoolBase - HikariPool-1 - Failed to validate connection com.mysql.cj.jdbc.ConnectionImpl@1c02464b (No operations allowed after connection closed.). Possibly consider using a shorter maxLifetime value.
2026-07-14 17:26:13 [HikariPool-1:housekeeper] WARN  com.zaxxer.hikari.pool.PoolBase - HikariPool-1 - Failed to validate connection com.mysql.cj.jdbc.ConnectionImpl@1809d863 (No operations allowed after connection closed.). Possibly consider using a shorter maxLifetime value.
2026-07-14 17:27:44 [HikariPool-1:housekeeper] WARN  com.zaxxer.hikari.pool.PoolBase - HikariPool-1 - Failed to validate connection com.mysql.cj.jdbc.ConnectionImpl@5554290e (No operations allowed after connection closed.). Possibly consider using a shorter maxLifetime value.
2026-07-14 17:28:07 [HikariPool-1:housekeeper] WARN  com.zaxxer.hikari.pool.PoolBase - HikariPool-1 - Failed to validate connection com.mysql.cj.jdbc.ConnectionImpl@591190f2 (No operations allowed after connection closed.). Possibly consider using a shorter maxLifetime value.
2026-07-14 17:29:28 [HikariPool-1:housekeeper] WARN  com.zaxxer.hikari.pool.PoolBase - HikariPool-1 - Failed to validate connection com.mysql.cj.jdbc.ConnectionImpl@26f9634f (No operations allowed after connection closed.). Possibly consider using a shorter maxLifetime value.
2026-07-14 17:29:47 [HikariPool-1:housekeeper] WARN  com.zaxxer.hikari.pool.PoolBase - HikariPool-1 - Failed to validate connection com.mysql.cj.jdbc.ConnectionImpl@10893260 (No operations allowed after connection closed.). Possibly consider using a shorter maxLifetime value.
2026-07-14 17:31:25 [HikariPool-1:housekeeper] WARN  com.zaxxer.hikari.pool.PoolBase - HikariPool-1 - Failed to validate connection com.mysql.cj.jdbc.ConnectionImpl@262fdef7 (No operations allowed after connection closed.). Possibly consider using a shorter maxLifetime value.
2026-07-14 17:31:39 [HikariPool-1:housekeeper] WARN  com.zaxxer.hikari.pool.PoolBase - HikariPool-1 - Failed to validate connection com.mysql.cj.jdbc.ConnectionImpl@6f57abed (No operations allowed after connection closed.). Possibly consider using a shorter maxLifetime value.
2026-07-14 17:33:08 [HikariPool-1:housekeeper] WARN  com.zaxxer.hikari.pool.PoolBase - HikariPool-1 - Failed to validate connection com.mysql.cj.jdbc.ConnectionImpl@754a55ef (No operations allowed after connection closed.). Possibly consider using a shorter maxLifetime value.
2026-07-14 17:33:29 [HikariPool-1:housekeeper] WARN  com.zaxxer.hikari.pool.PoolBase - HikariPool-1 - Failed to validate connection com.mysql.cj.jdbc.ConnectionImpl@35bd5e94 (No operations allowed after connection closed.). Possibly consider using a shorter maxLifetime value.
2026-07-14 17:34:44 [HikariPool-1:housekeeper] WARN  com.zaxxer.hikari.pool.PoolBase - HikariPool-1 - Failed to validate connection com.mysql.cj.jdbc.ConnectionImpl@6839738f (No operations allowed after connection closed.). Possibly consider using a shorter maxLifetime value.
2026-07-14 17:35:17 [HikariPool-1:housekeeper] WARN  com.zaxxer.hikari.pool.PoolBase - HikariPool-1 - Failed to validate connection com.mysql.cj.jdbc.ConnectionImpl@6cd94b64 (No operations allowed after connection closed.). Possibly consider using a shorter maxLifetime value.
2026-07-14 17:36:46 [HikariPool-1:housekeeper] WARN  com.zaxxer.hikari.pool.PoolBase - HikariPool-1 - Failed to validate connection com.mysql.cj.jdbc.ConnectionImpl@5da33b3f (No operations allowed after connection closed.). Possibly consider using a shorter maxLifetime value.
2026-07-14 17:36:58 [HikariPool-1:housekeeper] WARN  com.zaxxer.hikari.pool.PoolBase - HikariPool-1 - Failed to validate connection com.mysql.cj.jdbc.ConnectionImpl@3757051f (No operations allowed after connection closed.). Possibly consider using a shorter maxLifetime value.
2026-07-14 17:38:28 [HikariPool-1:housekeeper] WARN  com.zaxxer.hikari.pool.PoolBase - HikariPool-1 - Failed to validate connection com.mysql.cj.jdbc.ConnectionImpl@21cd22aa (No operations allowed after connection closed.). Possibly consider using a shorter maxLifetime value.
2026-07-14 17:38:41 [HikariPool-1:housekeeper] WARN  com.zaxxer.hikari.pool.PoolBase - HikariPool-1 - Failed to validate connection com.mysql.cj.jdbc.ConnectionImpl@20b12da9 (No operations allowed after connection closed.). Possibly consider using a shorter maxLifetime value.
2026-07-14 17:40:21 [http-nio-8080-exec-9] INFO  c.e.Docgen_Backend.config.JwtFilter - JWT validated successfully for userId=6a311365ec2c34f3d9e4f06e
2026-07-14 17:40:21 [http-nio-8080-exec-9] INFO  c.e.D.controller.UserController - GET /api/v2/users - Fetch all users request received | page=0, size=8, sortBy=id, direction=desc
2026-07-14 17:40:21 [http-nio-8080-exec-9] WARN  com.zaxxer.hikari.pool.PoolBase - HikariPool-1 - Failed to validate connection com.mysql.cj.jdbc.ConnectionImpl@561aa457 (No operations allowed after connection closed.). Possibly consider using a shorter maxLifetime value.
2026-07-14 17:40:21 [http-nio-8080-exec-9] WARN  com.zaxxer.hikari.pool.PoolBase - HikariPool-1 - Failed to validate connection com.mysql.cj.jdbc.ConnectionImpl@50c3d8ab (No operations allowed after connection closed.). Possibly consider using a shorter maxLifetime value.
2026-07-14 17:40:29 [http-nio-8080-exec-9] INFO  c.e.D.controller.UserController - Fetched 8 users on page 0 of 2
2026-07-14 17:40:30 [http-nio-8080-exec-9] INFO  c.e.Docgen_Backend.config.JwtFilter - JWT validated successfully for userId=6a311365ec2c34f3d9e4f06e
2026-07-14 17:40:30 [http-nio-8080-exec-9] INFO  c.e.D.controller.UserController - GET /api/v2/users - Fetch all users request received | page=0, size=8, sortBy=id, direction=desc
2026-07-14 17:40:33 [http-nio-8080-exec-4] INFO  c.e.Docgen_Backend.config.JwtFilter - JWT validated successfully for userId=6a311365ec2c34f3d9e4f06e
2026-07-14 17:40:33 [http-nio-8080-exec-4] INFO  c.e.D.controller.UserController - GET /api/v2/users/20 - Fetch request received
2026-07-14 17:40:33 [http-nio-8080-exec-4] INFO  c.e.D.service.impl.UserServiceImpl - Fetching user profile for edit | userId=20
2026-07-14 17:40:35 [http-nio-8080-exec-4] DEBUG c.e.D.service.impl.UserServiceImpl - User found | userId=20 | employeeId=CTS0380
2026-07-14 17:40:35 [http-nio-8080-exec-4] INFO  c.e.D.service.impl.UserServiceImpl - User profile fetched successfully | userId=20 | timeTaken=2003ms
2026-07-14 17:40:35 [http-nio-8080-exec-4] INFO  c.e.D.controller.UserController - Profile fetched successfully for userId=20
2026-07-14 17:40:35 [http-nio-8080-exec-4] DEBUG c.e.D.controller.UserController - Fetched profile data: UserProfileResponseDTO(id=20, employeeName=Sakshi Sunilrao Yeole, employeeId=CTS0380, email=ssy290489@gmail.com, mobileNo=9579080633, joiningDesignation=Data Analyst, currentDesignation=Data Analyst, department=Information Technology, company=CTS, identity=MRS, pfType=WITH_PF, accountNo=2601235318269640, bankName=AU SMALL FINANCE BANK, currentAddress=W/o Ankush Belpande, D-603, Santosh Dreams, Ravet, Pune – 412101, permanentAddress=null, joiningCTC=850000.0, currentCTC=850000.0, dateOfBirth=1995-10-05, offerDate=2025-10-09, joiningDate=2025-11-10, panNo=ASAPY2454L, documents={APPOINTMENT_LETTER=DocumentResponseDTO(generated=false, data=null), INTERNSHIP_LETTER=DocumentResponseDTO(generated=false, data=null), EXPERIENCE_LETTER=DocumentResponseDTO(generated=true, data={issueDate=2026-07-10, relievingDate=2026-07-10}), FULL_AND_FINAL=DocumentResponseDTO(generated=false, data=null), CONFIRMATION_LETTER=DocumentResponseDTO(generated=false, data=null), INCREMENT_LETTER=DocumentResponseDTO(generated=true, data={issueDate=2026-04-01}), RELIEVING_LETTER=DocumentResponseDTO(generated=true, data={issueDate=2026-07-10, relievingDate=2026-07-10}), SALARY_SLIP=DocumentResponseDTO(generated=true, data={startMonth=2026-04, endMonth=2026-06}), COMPLETION_LETTER=DocumentResponseDTO(generated=false, data=null), OFFER_LETTER=DocumentResponseDTO(generated=true, data={issueDate=2025-10-09, probationPeriod=3})})
2026-07-14 17:40:35 [http-nio-8080-exec-3] INFO  c.e.Docgen_Backend.config.JwtFilter - JWT validated successfully for userId=6a311365ec2c34f3d9e4f06e
2026-07-14 17:40:35 [http-nio-8080-exec-3] INFO  c.e.D.controller.UserController - GET /api/v2/users/20 - Fetch request received
2026-07-14 17:40:35 [http-nio-8080-exec-3] INFO  c.e.D.service.impl.UserServiceImpl - Fetching user profile for edit | userId=20
2026-07-14 17:40:37 [http-nio-8080-exec-3] DEBUG c.e.D.service.impl.UserServiceImpl - User found | userId=20 | employeeId=CTS0380
2026-07-14 17:40:37 [http-nio-8080-exec-3] INFO  c.e.D.service.impl.UserServiceImpl - User profile fetched successfully | userId=20 | timeTaken=1961ms
2026-07-14 17:40:37 [http-nio-8080-exec-3] INFO  c.e.D.controller.UserController - Profile fetched successfully for userId=20
2026-07-14 17:40:37 [http-nio-8080-exec-3] DEBUG c.e.D.controller.UserController - Fetched profile data: UserProfileResponseDTO(id=20, employeeName=Sakshi Sunilrao Yeole, employeeId=CTS0380, email=ssy290489@gmail.com, mobileNo=9579080633, joiningDesignation=Data Analyst, currentDesignation=Data Analyst, department=Information Technology, company=CTS, identity=MRS, pfType=WITH_PF, accountNo=2601235318269640, bankName=AU SMALL FINANCE BANK, currentAddress=W/o Ankush Belpande, D-603, Santosh Dreams, Ravet, Pune – 412101, permanentAddress=null, joiningCTC=850000.0, currentCTC=850000.0, dateOfBirth=1995-10-05, offerDate=2025-10-09, joiningDate=2025-11-10, panNo=ASAPY2454L, documents={APPOINTMENT_LETTER=DocumentResponseDTO(generated=false, data=null), INTERNSHIP_LETTER=DocumentResponseDTO(generated=false, data=null), EXPERIENCE_LETTER=DocumentResponseDTO(generated=true, data={issueDate=2026-07-10, relievingDate=2026-07-10}), FULL_AND_FINAL=DocumentResponseDTO(generated=false, data=null), CONFIRMATION_LETTER=DocumentResponseDTO(generated=false, data=null), INCREMENT_LETTER=DocumentResponseDTO(generated=true, data={issueDate=2026-04-01}), RELIEVING_LETTER=DocumentResponseDTO(generated=true, data={issueDate=2026-07-10, relievingDate=2026-07-10}), SALARY_SLIP=DocumentResponseDTO(generated=true, data={startMonth=2026-04, endMonth=2026-06}), COMPLETION_LETTER=DocumentResponseDTO(generated=false, data=null), OFFER_LETTER=DocumentResponseDTO(generated=true, data={issueDate=2025-10-09, probationPeriod=3})})
2026-07-14 17:40:38 [http-nio-8080-exec-9] INFO  c.e.D.controller.UserController - Fetched 8 users on page 0 of 2
2026-07-14 17:42:02 [HikariPool-1:housekeeper] WARN  com.zaxxer.hikari.pool.PoolBase - HikariPool-1 - Failed to validate connection com.mysql.cj.jdbc.ConnectionImpl@11940378 (No operations allowed after connection closed.). Possibly consider using a shorter maxLifetime value.
2026-07-14 17:42:04 [HikariPool-1:housekeeper] WARN  com.zaxxer.hikari.pool.PoolBase - HikariPool-1 - Failed to validate connection com.mysql.cj.jdbc.ConnectionImpl@1a5718e3 (No operations allowed after connection closed.). Possibly consider using a shorter maxLifetime value.
2026-07-14 17:42:20 [HikariPool-1:housekeeper] WARN  com.zaxxer.hikari.pool.PoolBase - HikariPool-1 - Failed to validate connection com.mysql.cj.jdbc.ConnectionImpl@663ba98b (No operations allowed after connection closed.). Possibly consider using a shorter maxLifetime value.
2026-07-14 17:44:02 [HikariPool-1:housekeeper] WARN  com.zaxxer.hikari.pool.PoolBase - HikariPool-1 - Failed to validate connection com.mysql.cj.jdbc.ConnectionImpl@71bb1433 (No operations allowed after connection closed.). Possibly consider using a shorter maxLifetime value.
2026-07-14 17:44:13 [HikariPool-1:housekeeper] WARN  com.zaxxer.hikari.pool.PoolBase - HikariPool-1 - Failed to validate connection com.mysql.cj.jdbc.ConnectionImpl@684516ec (No operations allowed after connection closed.). Possibly consider using a shorter maxLifetime value.
2026-07-14 17:45:45 [HikariPool-1:housekeeper] WARN  com.zaxxer.hikari.pool.PoolBase - HikariPool-1 - Failed to validate connection com.mysql.cj.jdbc.ConnectionImpl@39c484e3 (No operations allowed after connection closed.). Possibly consider using a shorter maxLifetime value.
2026-07-14 17:45:55 [HikariPool-1:housekeeper] WARN  com.zaxxer.hikari.pool.PoolBase - HikariPool-1 - Failed to validate connection com.mysql.cj.jdbc.ConnectionImpl@66b7ffd4 (No operations allowed after connection closed.). Possibly consider using a shorter maxLifetime value.
2026-07-14 17:47:38 [HikariPool-1:housekeeper] WARN  com.zaxxer.hikari.pool.PoolBase - HikariPool-1 - Failed to validate connection com.mysql.cj.jdbc.ConnectionImpl@5394e0f2 (No operations allowed after connection closed.). Possibly consider using a shorter maxLifetime value.
2026-07-14 17:47:50 [HikariPool-1:housekeeper] WARN  com.zaxxer.hikari.pool.PoolBase - HikariPool-1 - Failed to validate connection com.mysql.cj.jdbc.ConnectionImpl@7f001c6 (No operations allowed after connection closed.). Possibly consider using a shorter maxLifetime value.
2026-07-14 17:49:14 [HikariPool-1:housekeeper] WARN  com.zaxxer.hikari.pool.PoolBase - HikariPool-1 - Failed to validate connection com.mysql.cj.jdbc.ConnectionImpl@6955afca (No operations allowed after connection closed.). Possibly consider using a shorter maxLifetime value.
2026-07-14 17:49:27 [HikariPool-1:housekeeper] WARN  com.zaxxer.hikari.pool.PoolBase - HikariPool-1 - Failed to validate connection com.mysql.cj.jdbc.ConnectionImpl@3076fbf3 (No operations allowed after connection closed.). Possibly consider using a shorter maxLifetime value.
2026-07-14 17:51:01 [HikariPool-1:housekeeper] WARN  com.zaxxer.hikari.pool.PoolBase - HikariPool-1 - Failed to validate connection com.mysql.cj.jdbc.ConnectionImpl@7bdb4cef (No operations allowed after connection closed.). Possibly consider using a shorter maxLifetime value.
2026-07-14 17:51:14 [HikariPool-1:housekeeper] WARN  com.zaxxer.hikari.pool.PoolBase - HikariPool-1 - Failed to validate connection com.mysql.cj.jdbc.ConnectionImpl@32238d4a (No operations allowed after connection closed.). Possibly consider using a shorter maxLifetime value.
2026-07-14 17:52:40 [HikariPool-1:housekeeper] WARN  com.zaxxer.hikari.pool.PoolBase - HikariPool-1 - Failed to validate connection com.mysql.cj.jdbc.ConnectionImpl@8682428 (No operations allowed after connection closed.). Possibly consider using a shorter maxLifetime value.
2026-07-14 17:52:57 [HikariPool-1:housekeeper] WARN  com.zaxxer.hikari.pool.PoolBase - HikariPool-1 - Failed to validate connection com.mysql.cj.jdbc.ConnectionImpl@79d624b6 (No operations allowed after connection closed.). Possibly consider using a shorter maxLifetime value.
2026-07-14 17:54:32 [HikariPool-1:housekeeper] WARN  com.zaxxer.hikari.pool.PoolBase - HikariPool-1 - Failed to validate connection com.mysql.cj.jdbc.ConnectionImpl@3469e361 (No operations allowed after connection closed.). Possibly consider using a shorter maxLifetime value.
2026-07-14 17:54:57 [HikariPool-1:housekeeper] WARN  com.zaxxer.hikari.pool.PoolBase - HikariPool-1 - Failed to validate connection com.mysql.cj.jdbc.ConnectionImpl@266f7a51 (No operations allowed after connection closed.). Possibly consider using a shorter maxLifetime value.
2026-07-14 17:56:33 [HikariPool-1:housekeeper] WARN  com.zaxxer.hikari.pool.PoolBase - HikariPool-1 - Failed to validate connection com.mysql.cj.jdbc.ConnectionImpl@6e304170 (No operations allowed after connection closed.). Possibly consider using a shorter maxLifetime value.
2026-07-14 17:56:41 [HikariPool-1:housekeeper] WARN  com.zaxxer.hikari.pool.PoolBase - HikariPool-1 - Failed to validate connection com.mysql.cj.jdbc.ConnectionImpl@7dcf9e61 (No operations allowed after connection closed.). Possibly consider using a shorter maxLifetime value.
2026-07-14 17:58:17 [HikariPool-1:housekeeper] WARN  com.zaxxer.hikari.pool.PoolBase - HikariPool-1 - Failed to validate connection com.mysql.cj.jdbc.ConnectionImpl@4a28a659 (No operations allowed after connection closed.). Possibly consider using a shorter maxLifetime value.
2026-07-14 17:58:36 [HikariPool-1:housekeeper] WARN  com.zaxxer.hikari.pool.PoolBase - HikariPool-1 - Failed to validate connection com.mysql.cj.jdbc.ConnectionImpl@154aeb4f (No operations allowed after connection closed.). Possibly consider using a shorter maxLifetime value.
2026-07-14 18:00:13 [HikariPool-1:housekeeper] WARN  com.zaxxer.hikari.pool.PoolBase - HikariPool-1 - Failed to validate connection com.mysql.cj.jdbc.ConnectionImpl@463d5ab3 (No operations allowed after connection closed.). Possibly consider using a shorter maxLifetime value.
2026-07-14 18:00:16 [HikariPool-1:housekeeper] WARN  com.zaxxer.hikari.pool.PoolBase - HikariPool-1 - Failed to validate connection com.mysql.cj.jdbc.ConnectionImpl@2a2fd1e2 (No operations allowed after connection closed.). Possibly consider using a shorter maxLifetime value.
2026-07-14 18:01:56 [HikariPool-1:housekeeper] WARN  com.zaxxer.hikari.pool.PoolBase - HikariPool-1 - Failed to validate connection com.mysql.cj.jdbc.ConnectionImpl@22326e39 (No operations allowed after connection closed.). Possibly consider using a shorter maxLifetime value.
2026-07-14 18:02:08 [HikariPool-1:housekeeper] WARN  com.zaxxer.hikari.pool.PoolBase - HikariPool-1 - Failed to validate connection com.mysql.cj.jdbc.ConnectionImpl@cf08226 (No operations allowed after connection closed.). Possibly consider using a shorter maxLifetime value.
2026-07-14 18:03:47 [HikariPool-1:housekeeper] WARN  com.zaxxer.hikari.pool.PoolBase - HikariPool-1 - Failed to validate connection com.mysql.cj.jdbc.ConnectionImpl@69761c14 (No operations allowed after connection closed.). Possibly consider using a shorter maxLifetime value.
2026-07-14 18:04:06 [HikariPool-1:housekeeper] WARN  com.zaxxer.hikari.pool.PoolBase - HikariPool-1 - Failed to validate connection com.mysql.cj.jdbc.ConnectionImpl@5d559e37 (No operations allowed after connection closed.). Possibly consider using a shorter maxLifetime value.
2026-07-14 18:05:36 [HikariPool-1:housekeeper] WARN  com.zaxxer.hikari.pool.PoolBase - HikariPool-1 - Failed to validate connection com.mysql.cj.jdbc.ConnectionImpl@7b7501d3 (No operations allowed after connection closed.). Possibly consider using a shorter maxLifetime value.
2026-07-14 18:06:01 [HikariPool-1:housekeeper] WARN  com.zaxxer.hikari.pool.PoolBase - HikariPool-1 - Failed to validate connection com.mysql.cj.jdbc.ConnectionImpl@3997f647 (No operations allowed after connection closed.). Possibly consider using a shorter maxLifetime value.
2026-07-14 18:07:14 [HikariPool-1:housekeeper] WARN  com.zaxxer.hikari.pool.PoolBase - HikariPool-1 - Failed to validate connection com.mysql.cj.jdbc.ConnectionImpl@198f0698 (No operations allowed after connection closed.). Possibly consider using a shorter maxLifetime value.
2026-07-14 18:07:43 [HikariPool-1:housekeeper] WARN  com.zaxxer.hikari.pool.PoolBase - HikariPool-1 - Failed to validate connection com.mysql.cj.jdbc.ConnectionImpl@44dfc33c (No operations allowed after connection closed.). Possibly consider using a shorter maxLifetime value.
2026-07-14 18:09:05 [HikariPool-1:housekeeper] WARN  com.zaxxer.hikari.pool.PoolBase - HikariPool-1 - Failed to validate connection com.mysql.cj.jdbc.ConnectionImpl@503b261e (No operations allowed after connection closed.). Possibly consider using a shorter maxLifetime value.
2026-07-14 18:09:33 [HikariPool-1:housekeeper] WARN  com.zaxxer.hikari.pool.PoolBase - HikariPool-1 - Failed to validate connection com.mysql.cj.jdbc.ConnectionImpl@491f5cf0 (No operations allowed after connection closed.). Possibly consider using a shorter maxLifetime value.
2026-07-14 18:10:54 [HikariPool-1:housekeeper] WARN  com.zaxxer.hikari.pool.PoolBase - HikariPool-1 - Failed to validate connection com.mysql.cj.jdbc.ConnectionImpl@7b2cb18f (No operations allowed after connection closed.). Possibly consider using a shorter maxLifetime value.
2026-07-14 18:11:19 [HikariPool-1:housekeeper] WARN  com.zaxxer.hikari.pool.PoolBase - HikariPool-1 - Failed to validate connection com.mysql.cj.jdbc.ConnectionImpl@2656e859 (No operations allowed after connection closed.). Possibly consider using a shorter maxLifetime value.
2026-07-14 18:12:44 [HikariPool-1:housekeeper] WARN  com.zaxxer.hikari.pool.PoolBase - HikariPool-1 - Failed to validate connection com.mysql.cj.jdbc.ConnectionImpl@39d7cd48 (No operations allowed after connection closed.). Possibly consider using a shorter maxLifetime value.
2026-07-14 18:13:08 [HikariPool-1:housekeeper] WARN  com.zaxxer.hikari.pool.PoolBase - HikariPool-1 - Failed to validate connection com.mysql.cj.jdbc.ConnectionImpl@5342f36b (No operations allowed after connection closed.). Possibly consider using a shorter maxLifetime value.
2026-07-14 18:14:25 [HikariPool-1:housekeeper] WARN  com.zaxxer.hikari.pool.PoolBase - HikariPool-1 - Failed to validate connection com.mysql.cj.jdbc.ConnectionImpl@3e7c18b5 (No operations allowed after connection closed.). Possibly consider using a shorter maxLifetime value.
2026-07-14 18:14:45 [HikariPool-1:housekeeper] WARN  com.zaxxer.hikari.pool.PoolBase - HikariPool-1 - Failed to validate connection com.mysql.cj.jdbc.ConnectionImpl@620c728 (No operations allowed after connection closed.). Possibly consider using a shorter maxLifetime value.
2026-07-14 18:16:15 [HikariPool-1:housekeeper] WARN  com.zaxxer.hikari.pool.PoolBase - HikariPool-1 - Failed to validate connection com.mysql.cj.jdbc.ConnectionImpl@50f31c9c (No operations allowed after connection closed.). Possibly consider using a shorter maxLifetime value.
2026-07-14 18:16:29 [HikariPool-1:housekeeper] WARN  com.zaxxer.hikari.pool.PoolBase - HikariPool-1 - Failed to validate connection com.mysql.cj.jdbc.ConnectionImpl@7f158236 (No operations allowed after connection closed.). Possibly consider using a shorter maxLifetime value.
2026-07-14 18:17:54 [HikariPool-1:housekeeper] WARN  com.zaxxer.hikari.pool.PoolBase - HikariPool-1 - Failed to validate connection com.mysql.cj.jdbc.ConnectionImpl@19d20602 (No operations allowed after connection closed.). Possibly consider using a shorter maxLifetime value.
2026-07-14 18:18:06 [HikariPool-1:housekeeper] WARN  com.zaxxer.hikari.pool.PoolBase - HikariPool-1 - Failed to validate connection com.mysql.cj.jdbc.ConnectionImpl@550df74c (No operations allowed after connection closed.). Possibly consider using a shorter maxLifetime value.
2026-07-14 18:19:39 [HikariPool-1:housekeeper] WARN  com.zaxxer.hikari.pool.PoolBase - HikariPool-1 - Failed to validate connection com.mysql.cj.jdbc.ConnectionImpl@62efcc25 (No operations allowed after connection closed.). Possibly consider using a shorter maxLifetime value.
2026-07-14 18:19:45 [HikariPool-1:housekeeper] WARN  com.zaxxer.hikari.pool.PoolBase - HikariPool-1 - Failed to validate connection com.mysql.cj.jdbc.ConnectionImpl@8e479b4 (No operations allowed after connection closed.). Possibly consider using a shorter maxLifetime value.
2026-07-14 18:21:26 [HikariPool-1:housekeeper] WARN  com.zaxxer.hikari.pool.PoolBase - HikariPool-1 - Failed to validate connection com.mysql.cj.jdbc.ConnectionImpl@5e9209c5 (No operations allowed after connection closed.). Possibly consider using a shorter maxLifetime value.
2026-07-14 18:21:29 [HikariPool-1:housekeeper] WARN  com.zaxxer.hikari.pool.PoolBase - HikariPool-1 - Failed to validate connection com.mysql.cj.jdbc.ConnectionImpl@df8a9c8 (No operations allowed after connection closed.). Possibly consider using a shorter maxLifetime value.
2026-07-14 18:23:08 [HikariPool-1:housekeeper] WARN  com.zaxxer.hikari.pool.PoolBase - HikariPool-1 - Failed to validate connection com.mysql.cj.jdbc.ConnectionImpl@4ce33968 (No operations allowed after connection closed.). Possibly consider using a shorter maxLifetime value.
2026-07-14 18:23:11 [HikariPool-1:housekeeper] WARN  com.zaxxer.hikari.pool.PoolBase - HikariPool-1 - Failed to validate connection com.mysql.cj.jdbc.ConnectionImpl@76145139 (No operations allowed after connection closed.). Possibly consider using a shorter maxLifetime value.
2026-07-14 18:24:53 [HikariPool-1:housekeeper] WARN  com.zaxxer.hikari.pool.PoolBase - HikariPool-1 - Failed to validate connection com.mysql.cj.jdbc.ConnectionImpl@3eea10da (No operations allowed after connection closed.). Possibly consider using a shorter maxLifetime value.
2026-07-14 18:25:08 [HikariPool-1:housekeeper] WARN  com.zaxxer.hikari.pool.PoolBase - HikariPool-1 - Failed to validate connection com.mysql.cj.jdbc.ConnectionImpl@67021f39 (No operations allowed after connection closed.). Possibly consider using a shorter maxLifetime value.
2026-07-14 18:26:31 [HikariPool-1:housekeeper] WARN  com.zaxxer.hikari.pool.PoolBase - HikariPool-1 - Failed to validate connection com.mysql.cj.jdbc.ConnectionImpl@5d49bd1a (No operations allowed after connection closed.). Possibly consider using a shorter maxLifetime value.
2026-07-14 18:26:53 [HikariPool-1:housekeeper] WARN  com.zaxxer.hikari.pool.PoolBase - HikariPool-1 - Failed to validate connection com.mysql.cj.jdbc.ConnectionImpl@7bb35a2a (No operations allowed after connection closed.). Possibly consider using a shorter maxLifetime value.
2026-07-14 18:28:07 [HikariPool-1:housekeeper] WARN  com.zaxxer.hikari.pool.PoolBase - HikariPool-1 - Failed to validate connection com.mysql.cj.jdbc.ConnectionImpl@993498 (No operations allowed after connection closed.). Possibly consider using a shorter maxLifetime value.
2026-07-14 18:28:38 [HikariPool-1:housekeeper] WARN  com.zaxxer.hikari.pool.PoolBase - HikariPool-1 - Failed to validate connection com.mysql.cj.jdbc.ConnectionImpl@16e8286a (No operations allowed after connection closed.). Possibly consider using a shorter maxLifetime value.
2026-07-14 18:30:00 [HikariPool-1:housekeeper] WARN  com.zaxxer.hikari.pool.PoolBase - HikariPool-1 - Failed to validate connection com.mysql.cj.jdbc.ConnectionImpl@8343e23 (No operations allowed after connection closed.). Possibly consider using a shorter maxLifetime value.
2026-07-14 18:30:25 [HikariPool-1:housekeeper] WARN  com.zaxxer.hikari.pool.PoolBase - HikariPool-1 - Failed to validate connection com.mysql.cj.jdbc.ConnectionImpl@727b80c6 (No operations allowed after connection closed.). Possibly consider using a shorter maxLifetime value.
2026-07-14 18:31:59 [HikariPool-1:housekeeper] WARN  com.zaxxer.hikari.pool.PoolBase - HikariPool-1 - Failed to validate connection com.mysql.cj.jdbc.ConnectionImpl@1d6a972c (No operations allowed after connection closed.). Possibly consider using a shorter maxLifetime value.
2026-07-14 18:32:06 [SpringApplicationShutdownHook] INFO  o.s.boot.tomcat.GracefulShutdown - Commencing graceful shutdown. Waiting for active requests to complete
2026-07-14 18:32:06 [tomcat-shutdown] INFO  o.s.boot.tomcat.GracefulShutdown - Graceful shutdown complete
2026-07-14 18:32:06 [SpringApplicationShutdownHook] INFO  o.s.o.j.LocalContainerEntityManagerFactoryBean - Closing JPA EntityManagerFactory for persistence unit 'default'
2026-07-14 18:32:06 [SpringApplicationShutdownHook] INFO  com.zaxxer.hikari.HikariDataSource - HikariPool-1 - Shutdown initiated...
2026-07-14 18:32:07 [SpringApplicationShutdownHook] INFO  com.zaxxer.hikari.HikariDataSource - HikariPool-1 - Shutdown completed.
